Component: ARM Compiler 5.06 update 5 (build 528) Tool: armlink [4d35e2]

==============================================================================

Section Cross References

    startup_stm32g474xx.o(RESET) refers to startup_stm32g474xx.o(STACK) for __initial_sp
    startup_stm32g474xx.o(RESET) refers to startup_stm32g474xx.o(.text) for Reset_Handler
    startup_stm32g474xx.o(RESET) refers to stm32g4xx_it.o(i.NMI_Handler) for NMI_Handler
    startup_stm32g474xx.o(RESET) refers to stm32g4xx_it.o(i.HardFault_Handler) for HardFault_Handler
    startup_stm32g474xx.o(RESET) refers to stm32g4xx_it.o(i.MemManage_Handler) for MemManage_Handler
    startup_stm32g474xx.o(RESET) refers to stm32g4xx_it.o(i.BusFault_Handler) for BusFault_Handler
    startup_stm32g474xx.o(RESET) refers to stm32g4xx_it.o(i.UsageFault_Handler) for UsageFault_Handler
    startup_stm32g474xx.o(RESET) refers to stm32g4xx_it.o(i.SVC_Handler) for SVC_Handler
    startup_stm32g474xx.o(RESET) refers to stm32g4xx_it.o(i.DebugMon_Handler) for DebugMon_Handler
    startup_stm32g474xx.o(RESET) refers to stm32g4xx_it.o(i.PendSV_Handler) for PendSV_Handler
    startup_stm32g474xx.o(RESET) refers to stm32g4xx_it.o(i.SysTick_Handler) for SysTick_Handler
    startup_stm32g474xx.o(RESET) refers to stm32g4xx_it.o(i.DMA1_Channel1_IRQHandler) for DMA1_Channel1_IRQHandler
    startup_stm32g474xx.o(RESET) refers to stm32g4xx_it.o(i.DMA1_Channel2_IRQHandler) for DMA1_Channel2_IRQHandler
    startup_stm32g474xx.o(RESET) refers to stm32g4xx_it.o(i.DMA1_Channel3_IRQHandler) for DMA1_Channel3_IRQHandler
    startup_stm32g474xx.o(RESET) refers to stm32g4xx_it.o(i.DMA1_Channel4_IRQHandler) for DMA1_Channel4_IRQHandler
    startup_stm32g474xx.o(RESET) refers to stm32g4xx_it.o(i.USART2_IRQHandler) for USART2_IRQHandler
    startup_stm32g474xx.o(RESET) refers to stm32g4xx_it.o(i.TIM6_DAC_IRQHandler) for TIM6_DAC_IRQHandler
    startup_stm32g474xx.o(.text) refers to system_stm32g4xx.o(i.SystemInit) for SystemInit
    startup_stm32g474xx.o(.text) refers to entry.o(.ARM.Collect$$$$00000000) for __main
    main.o(i.SystemClock_Config) refers to memseta.o(.text) for __aeabi_memclr4
    main.o(i.SystemClock_Config) refers to stm32g4xx_hal_pwr_ex.o(i.HAL_PWREx_ControlVoltageScaling) for HAL_PWREx_ControlVoltageScaling
    main.o(i.SystemClock_Config) refers to stm32g4xx_hal_rcc.o(i.HAL_RCC_OscConfig) for HAL_RCC_OscConfig
    main.o(i.SystemClock_Config) refers to stm32g4xx_hal_rcc.o(i.HAL_RCC_ClockConfig) for HAL_RCC_ClockConfig
    main.o(i._write) refers to stm32g4xx_hal_uart.o(i.HAL_UART_Transmit) for HAL_UART_Transmit
    main.o(i._write) refers to usart.o(.bss) for huart2
    main.o(i.main) refers to stm32g4xx_hal.o(i.HAL_Init) for HAL_Init
    main.o(i.main) refers to main.o(i.SystemClock_Config) for SystemClock_Config
    main.o(i.main) refers to gpio.o(i.MX_GPIO_Init) for MX_GPIO_Init
    main.o(i.main) refers to dma.o(i.MX_DMA_Init) for MX_DMA_Init
    main.o(i.main) refers to adc.o(i.MX_ADC1_Init) for MX_ADC1_Init
    main.o(i.main) refers to adc.o(i.MX_ADC2_Init) for MX_ADC2_Init
    main.o(i.main) refers to adc.o(i.MX_ADC3_Init) for MX_ADC3_Init
    main.o(i.main) refers to adc.o(i.MX_ADC4_Init) for MX_ADC4_Init
    main.o(i.main) refers to hrtim.o(i.MX_HRTIM1_Init) for MX_HRTIM1_Init
    main.o(i.main) refers to tim.o(i.MX_TIM3_Init) for MX_TIM3_Init
    main.o(i.main) refers to comp.o(i.MX_COMP4_Init) for MX_COMP4_Init
    main.o(i.main) refers to dac.o(i.MX_DAC1_Init) for MX_DAC1_Init
    main.o(i.main) refers to i2c.o(i.MX_I2C1_Init) for MX_I2C1_Init
    main.o(i.main) refers to tim.o(i.MX_TIM8_Init) for MX_TIM8_Init
    main.o(i.main) refers to usart.o(i.MX_USART2_UART_Init) for MX_USART2_UART_Init
    main.o(i.main) refers to tim.o(i.MX_TIM6_Init) for MX_TIM6_Init
    main.o(i.main) refers to tim.o(i.MX_TIM1_Init) for MX_TIM1_Init
    main.o(i.main) refers to daq.o(i.DAQ_Init) for DAQ_Init
    main.o(i.main) refers to sched.o(i.Sched_Init) for Sched_Init
    main.o(i.main) refers to key.o(i.Key_Init) for Key_Init
    main.o(i.main) refers to pwr.o(i.PWR_SequenceStart) for PWR_SequenceStart
    main.o(i.main) refers to stm32g4xx_hal_adc.o(i.HAL_ADC_Start_DMA) for HAL_ADC_Start_DMA
    main.o(i.main) refers to stm32g4xx_hal.o(i.HAL_Delay) for HAL_Delay
    main.o(i.main) refers to oled.o(i.OLED_Init) for OLED_Init
    main.o(i.main) refers to oled.o(i.OLED_DisPlay_On) for OLED_DisPlay_On
    main.o(i.main) refers to pwr.o(i.PWR_ApplyProtMask) for PWR_ApplyProtMask
    main.o(i.main) refers to stm32g4xx_hal_gpio.o(i.HAL_GPIO_TogglePin) for HAL_GPIO_TogglePin
    main.o(i.main) refers to oled.o(i.OLED_NewFrame) for OLED_NewFrame
    main.o(i.main) refers to pwr.o(i.PWR_GetProtStatusStr) for PWR_GetProtStatusStr
    main.o(i.main) refers to printfa.o(i.__0sprintf) for __2sprintf
    main.o(i.main) refers to oled.o(i.OLED_PrintASCIIString) for OLED_PrintASCIIString
    main.o(i.main) refers to dfltui.o(.text) for __aeabi_ui2d
[...]
    i.SystemInit                             0x08005d38   Section        0  system_stm32g4xx.o(i.SystemInit)
    i.TIM6_DAC_IRQHandler                    0x08005d48   Section        0  stm32g4xx_it.o(i.TIM6_DAC_IRQHandler)
    i.TIM_Base_SetConfig                     0x08005d64   Section        0  stm32g4xx_hal_tim.o(i.TIM_Base_SetConfig)
    i.TIM_CCxChannelCmd                      0x08005e40   Section        0  stm32g4xx_hal_tim.o(i.TIM_CCxChannelCmd)
    i.TIM_CCxNChannelCmd                     0x08005e5a   Section        0  stm32g4xx_hal_tim_ex.o(i.TIM_CCxNChannelCmd)
    TIM_CCxNChannelCmd                       0x08005e5b   Thumb Code    26  stm32g4xx_hal_tim_ex.o(i.TIM_CCxNChannelCmd)
    i.TIM_OC1_SetConfig                      0x08005e74   Section        0  stm32g4xx_hal_tim.o(i.TIM_OC1_SetConfig)
    TIM_OC1_SetConfig                        0x08005e75   Thumb Code   148  stm32g4xx_hal_tim.o(i.TIM_OC1_SetConfig)
    i.TIM_OC2_SetConfig                      0x08005f24   Section        0  stm32g4xx_hal_tim.o(i.TIM_OC2_SetConfig)
    i.TIM_OC3_SetConfig                      0x08005fcc   Section        0  stm32g4xx_hal_tim.o(i.TIM_OC3_SetConfig)
    TIM_OC3_SetConfig                        0x08005fcd   Thumb Code   138  stm32g4xx_hal_tim.o(i.TIM_OC3_SetConfig)
    i.TIM_OC4_SetConfig                      0x08006074   Section        0  stm32g4xx_hal_tim.o(i.TIM_OC4_SetConfig)
    TIM_OC4_SetConfig                        0x08006075   Thumb Code   140  stm32g4xx_hal_tim.o(i.TIM_OC4_SetConfig)
    i.TIM_OC5_SetConfig                      0x0800611c   Section        0  stm32g4xx_hal_tim.o(i.TIM_OC5_SetConfig)
    TIM_OC5_SetConfig                        0x0800611d   Thumb Code    92  stm32g4xx_hal_tim.o(i.TIM_OC5_SetConfig)
    i.TIM_OC6_SetConfig                      0x08006194   Section        0  stm32g4xx_hal_tim.o(i.TIM_OC6_SetConfig)
    TIM_OC6_SetConfig                        0x08006195   Thumb Code    94  stm32g4xx_hal_tim.o(i.TIM_OC6_SetConfig)
    i.UARTEx_SetNbDataToProcess              0x08006210   Section        0  stm32g4xx_hal_uart_ex.o(i.UARTEx_SetNbDataToProcess)
    UARTEx_SetNbDataToProcess                0x08006211   Thumb Code    62  stm32g4xx_hal_uart_ex.o(i.UARTEx_SetNbDataToProcess)
    i.UART_AdvFeatureConfig                  0x08006254   Section        0  stm32g4xx_hal_uart.o(i.UART_AdvFeatureConfig)
    i.UART_CheckIdleState                    0x0800631c   Section        0  stm32g4xx_hal_uart.o(i.UART_CheckIdleState)
    i.UART_DMAAbortOnError                   0x080063c8   Section        0  stm32g4xx_hal_uart.o(i.UART_DMAAbortOnError)
    UART_DMAAbortOnError                     0x080063c9   Thumb Code    10  stm32g4xx_hal_uart.o(i.UART_DMAAbortOnError)
    i.UART_EndRxTransfer                     0x080063d4   Section        0  stm32g4xx_hal_uart.o(i.UART_EndRxTransfer)
    UART_EndRxTransfer                       0x080063d5   Thumb Code    78  stm32g4xx_hal_uart.o(i.UART_EndRxTransfer)
    i.UART_SetConfig                         0x08006428   Section        0  stm32g4xx_hal_uart.o(i.UART_SetConfig)
    i.UART_WaitOnFlagUntilTimeout            0x080066c0   Section        0  stm32g4xx_hal_uart.o(i.UART_WaitOnFlagUntilTimeout)
    i.USART2_IRQHandler                      0x08006754   Section        0  stm32g4xx_it.o(i.USART2_IRQHandler)
    i.UsageFault_Handler                     0x08006760   Section        0  stm32g4xx_it.o(i.UsageFault_Handler)
    i.__0sprintf                             0x08006764   Section        0  printfa.o(i.__0sprintf)
    i.__NVIC_SetPriority                     0x0800678c   Section        0  stm32g4xx_hal_cortex.o(i.__NVIC_SetPriority)
    __NVIC_SetPriority                       0x0800678d   Thumb Code    32  stm32g4xx_hal_cortex.o(i.__NVIC_SetPriority)
    i.__scatterload_copy                     0x080067ac   Section       14  handlers.o(i.__scatterload_copy)
    i.__scatterload_null                     0x080067ba   Section        2  handlers.o(i.__scatterload_null)
    i.__scatterload_zeroinit                 0x080067bc   Section       14  handlers.o(i.__scatterload_zeroinit)
    i._fp_digits                             0x080067cc   Section        0  printfa.o(i._fp_digits)
    _fp_digits                               0x080067cd   Thumb Code   366  printfa.o(i._fp_digits)
    i._printf_core                           0x08006950   Section        0  printfa.o(i._printf_core)
    _printf_core                             0x08006951   Thumb Code  1744  printfa.o(i._printf_core)
    i._printf_post_padding                   0x0800702c   Section        0  printfa.o(i._printf_post_padding)
    _printf_post_padding                     0x0800702d   Thumb Code    36  printfa.o(i._printf_post_padding)
    i._printf_pre_padding                    0x08007050   Section        0  printfa.o(i._printf_pre_padding)
    _printf_pre_padding                      0x08007051   Thumb Code    46  printfa.o(i._printf_pre_padding)
    i._sputc                                 0x0800707e   Section        0  printfa.o(i._sputc)
    _sputc                                   0x0800707f   Thumb Code    10  printfa.o(i._sputc)
    i.duty_to_ccr                            0x08007088   Section        0  sched.o(i.duty_to_ccr)
    duty_to_ccr                              0x08007089   Thumb Code    64  sched.o(i.duty_to_ccr)
    i.enter                                  0x080070d4   Section        0  fsm.o(i.enter)
    enter                                    0x080070d5   Thumb Code    72  fsm.o(i.enter)
    i.key_scan_one                           0x08007124   Section        0  key.o(i.key_scan_one)
    key_scan_one                             0x08007125   Thumb Code   116  key.o(i.key_scan_one)
    i.main                                   0x08007198   Section        0  main.o(i.main)
    i.ramp_tick                              0x080073d0   Section        0  fsm.o(i.ramp_tick)
    ramp_tick                                0x080073d1   Thumb Code    82  fsm.o(i.ramp_tick)
    i.raw_to_phys                            0x08007422   Section        0  daq.o(i.raw_to_phys)
    raw_to_phys                              0x08007423   Thumb Code    18  daq.o(i.raw_to_phys)
    .constdata                               0x08007434   Section       24  stm32g4xx_hal_uart.o(.constdata)
    .constdata                               0x0800744c   Section       16  stm32g4xx_hal_uart_ex.o(.constdata)
    numerator                                0x0800744c   Data           8  stm32g4xx_hal_uart_ex.o(.constdata)
    denominator                              0x08007454   Data           8  stm32g4xx_hal_uart_ex.o(.constdata)
    .constdata                               0x0800745c   Section       16  system_stm32g4xx.o(.constdata)
    .constdata                               0x0800746c   Section        8  system_stm32g4xx.o(.constdata)
    .constdata                               0x08007474   Section     1140  font.o(.constdata)
    .constdata                               0x080078e8   Section        8  font.o(.constdata)
    .conststring                             0x080078f0   Section       50  main.o(.conststring)
    .data                                    0x20000000   Section       28  main.o(.data)
    oled_frame                               0x20000000   Data           2  main.o(.data)
    names                                    0x20000004   Data          24  main.o(.data)
    .data                                    0x2000001c   Section        8  adc.o(.data)
    HAL_RCC_ADC12_CLK_ENABLED                0x2000001c   Data           4  adc.o(.data)
    HAL_RCC_ADC345_CLK_ENABLED               0x20000020   Data           4  adc.o(.data)
    .data                                    0x20000024   Section       12  stm32g4xx_hal.o(.data)
    .data                                    0x20000030   Section        4  system_stm32g4xx.o(.data)
    .data                                    0x20000034   Section       16  daq.o(.data)
    .data                                    0x20000044   Section        4  oled.o(.data)
    temp                                     0x20000044   Data           1  oled.o(.data)
    temp                                     0x20000045   Data           1  oled.o(.data)
    sendBuffer                               0x20000046   Data           2  oled.o(.data)
    .data                                    0x20000048   Section       28  pwr.o(.data)
    .data                                    0x20000064   Section        7  sched.o(.data)
    s_cnt_10ms                               0x20000064   Data           1  sched.o(.data)
    s_cnt_50ms                               0x20000065   Data           1  sched.o(.data)
    s_cnt_100ms                              0x20000066   Data           1  sched.o(.data)
    .bss                                     0x2000006c   Section      816  adc.o(.bss)
    .bss                                     0x2000039c   Section       36  comp.o(.bss)
    .bss                                     0x200003c0   Section       20  dac.o(.bss)
    .bss                                     0x200003d4   Section      252  hrtim.o(.bss)
    .bss                                     0x200004d0   Section       84  i2c.o(.bss)
    .bss                                     0x20000524   Section      304  tim.o(.bss)
    .bss                                     0x20000654   Section      148  usart.o(.bss)
    .bss                                     0x200006e8   Section       32  daq.o(.bss)
    .bss                                     0x20000708   Section       28  fsm.o(.bss)
    .bss                                     0x20000724   Section       24  key.o(.bss)
    key_start                                0x20000724   Data          12  key.o(.bss)
    key_prot                                 0x20000730   Data          12  key.o(.bss)
    .bss                                     0x2000073c   Section     1153  oled.o(.bss)
    sendBuffer                               0x2000073c   Data         129  oled.o(.bss)
    .bss                                     0x20000bc0   Section      128  sched.o(.bss)
    STACK                                    0x20000c40   Section     1024  startup_stm32g474xx.o(STACK)

    Global Symbols

    Symbol Name                              Value     Ov Type        Size  Object(Section)

    BuildAttributes$$THM_ISAv4$E$P$D$K$B$S$7EM$VFPi3$EXTD16$VFPS$VFMA$PE$A:L22UL41UL21$X:L11$S22US41US21$IEEE1$IW$USESV6$~STKCKD$USESV7$~SHL$OSPACE$ROPI$EBA8$MICROLIB$REQ8$PRES8$EABIv2 0x00000000   Number         0  anon$$obj.o ABSOLUTE
    __ARM_use_no_argv                        0x00000000   Number         0  main.o ABSOLUTE
    _printf_a                                0x00000000   Number         0  stubs.o ABSOLUTE
    _printf_c                                0x00000000   Number         0  stubs.o ABSOLUTE
    _printf_charcount                        0x00000000   Number         0  stubs.o ABSOLUTE
    _printf_d                                0x00000000   Number         0  stubs.o ABSOLUTE
    _printf_e                                0x00000000   Number         0  stubs.o ABSOLUTE
    _printf_f                                0x00000000   Number         0  stubs.o ABSOLUTE
    _printf_flags                            0x00000000   Number         0  stubs.o ABSOLUTE
    _printf_fp_dec                           0x00000000   Number         0  stubs.o ABSOLUTE
    _printf_fp_hex                           0x00000000   Number         0  stubs.o ABSOLUTE
    _printf_g                                0x00000000   Number         0  stubs.o ABSOLUTE
    _printf_i                                0x00000000   Number         0  stubs.o ABSOLUTE
    _printf_int_dec                          0x00000000   Number         0  stubs.o ABSOLUTE
    _printf_l                                0x00000000   Number         0  stubs.o ABSOLUTE
    _printf_lc                               0x00000000   Number         0  stubs.o ABSOLUTE
    _printf_ll                               0x00000000   Number         0  stubs.o ABSOLUTE
    _printf_lld                              0x00000000   Number         0  stubs.o ABSOLUTE
    _printf_lli                              0x00000000   Number         0  stubs.o ABSOLUTE
    _printf_llo                              0x00000000   Number         0  stubs.o ABSOLUTE
    _printf_llu                              0x00000000   Number         0  stubs.o ABSOLUTE
    _printf_llx                              0x00000000   Number         0  stubs.o ABSOLUTE
    _printf_longlong_dec                     0x00000000   Number         0  stubs.o ABSOLUTE
    _printf_longlong_hex                     0x00000000   Number         0  stubs.o ABSOLUTE
    _printf_longlong_oct                     0x00000000   Number         0  stubs.o ABSOLUTE
    _printf_ls                               0x00000000   Number         0  stubs.o ABSOLUTE
    _printf_mbtowc                           0x00000000   Number         0  stubs.o ABSOLUTE
    _printf_n                                0x00000000   Number         0  stubs.o ABSOLUTE
    _printf_o                                0x00000000   Number         0  stubs.o ABSOLUTE
    _printf_p                                0x00000000   Number         0  stubs.o ABSOLUTE
    _printf_percent                          0x00000000   Number         0  stubs.o ABSOLUTE
    _printf_pre_padding                      0x00000000   Number         0  stubs.o ABSOLUTE
    _printf_return_value                     0x00000000   Number         0  stubs.o ABSOLUTE
    _printf_s                                0x00000000   Number         0  stubs.o ABSOLUTE
    _printf_sizespec                         0x00000000   Number         0  stubs.o ABSOLUTE
    _printf_str                              0x00000000   Number         0  stubs.o ABSOLUTE
    _printf_truncate_signed                  0x00000000   Number         0  stubs.o ABSOLUTE
    _printf_truncate_unsigned                0x00000000   Number         0  stubs.o ABSOLUTE
    _printf_u                                0x00000000   Number         0  stubs.o ABSOLUTE
    _printf_wc                               0x00000000   Number         0  stubs.o ABSOLUTE
    _printf_wctomb                           0x00000000   Number         0  stubs.o ABSOLUTE
    _printf_widthprec                        0x00000000   Number         0  stubs.o ABSOLUTE
    _printf_x                                0x00000000   Number         0  stubs.o ABSOLUTE
    __cpp_initialize__aeabi_                  - Undefined Weak Reference
    __cxa_finalize                            - Undefined Weak Reference
    __decompress                              - Undefined Weak Reference
    _clock_init                               - Undefined Weak Reference
    _microlib_exit                            - Undefined Weak Reference
    __Vectors_Size                           0x000001d8   Number         0  startup_stm32g474xx.o ABSOLUTE
    __Vectors                                0x08000000   Data           4  startup_stm32g474xx.o(RESET)
    __Vectors_End                            0x080001d8   Data           0  startup_stm32g474xx.o(RESET)
    __main                                   0x080001d9   Thumb Code     0  entry.o(.ARM.Collect$$$$00000000)
    _main_stk                                0x080001d9   Thumb Code     0  entry2.o(.ARM.Collect$$$$00000001)
    _main_scatterload                        0x080001dd   Thumb Code     0  entry5.o(.ARM.Collect$$$$00000004)
    __main_after_scatterload                 0x080001e1   Thumb Code     0  entry5.o(.ARM.Collect$$$$00000004)
    _main_clock                              0x080001e1   Thumb Code     0  entry7b.o(.ARM.Collect$$$$00000008)
    _main_cpp_init                           0x080001e1   Thumb Code     0  entry8b.o(.ARM.Collect$$$$0000000A)
    _main_init                               0x080001e1   Thumb Code     0  entry9a.o(.ARM.Collect$$$$0000000B)
    __rt_final_cpp                           0x080001e9   Thumb Code     0  entry10a.o(.ARM.Collect$$$$0000000D)
    __rt_final_exit                          0x080001e9   Thumb Code     0  entry11a.o(.ARM.Collect$$$$0000000F)
    Reset_Handler                            0x080001ed   Thumb Code     8  startup_stm32g474xx.o(.text)
    ADC1_2_IRQHandler                        0x08000207   Thumb Code     0  startup_stm32g474xx.o(.text)
    ADC3_IRQHandler                          0x08000207   Thumb Code     0  startup_stm32g474xx.o(.text)
    ADC4_IRQHandler                          0x08000207   Thumb Code     0  startup_stm32g474xx.o(.text)
    ADC5_IRQHandler                          0x08000207   Thumb Code     0  startup_stm32g474xx.o(.text)
    COMP1_2_3_IRQHandler                     0x08000207   Thumb Code     0  startup_stm32g474xx.o(.text)
    COMP4_5_6_IRQHandler                     0x08000207   Thumb Code     0  startup_stm32g474xx.o(.text)
    COMP7_IRQHandler                         0x08000207   Thumb Code     0  startup_stm32g474xx.o(.text)
    CORDIC_IRQHandler                        0x08000207   Thumb Code     0  startup_stm32g474xx.o(.text)
    CRS_IRQHandler                           0x08000207   Thumb Code     0  startup_stm32g474xx.o(.text)
    DMA1_Channel5_IRQHandler                 0x08000207   Thumb Code     0  startup_stm32g474xx.o(.text)
    DMA1_Channel6_IRQHandler                 0x08000207   Thumb Code     0  startup_stm32g474xx.o(.text)
    DMA1_Channel7_IRQHandler                 0x08000207   Thumb Code     0  startup_stm32g474xx.o(.text)
    DMA1_Channel8_IRQHandler                 0x08000207   Thumb Code     0  startup_stm32g474xx.o(.text)
    DMA2_Channel1_IRQHandler                 0x08000207   Thumb Code     0  startup_stm32g474xx.o(.text)
    DMA2_Channel2_IRQHandler                 0x08000207   Thumb Code     0  startup_stm32g474xx.o(.text)
    DMA2_Channel3_IRQHandler                 0x08000207   Thumb Code     0  startup_stm32g474xx.o(.text)
    DMA2_Channel4_IRQHandler                 0x08000207   Thumb Code     0  startup_stm32g474xx.o(.text)
    DMA2_Channel5_IRQHandler                 0x08000207   Thumb Code     0  startup_stm32g474xx.o(.text)
    DMA2_Channel6_IRQHandler                 0x08000207   Thumb Code     0  startup_stm32g474xx.o(.text)
    DMA2_Channel7_IRQHandler                 0x08000207   Thumb Code     0  startup_stm32g474xx.o(.text)
    DMA2_Channel8_IRQHandler                 0x08000207   Thumb Code     0  startup_stm32g474xx.o(.text)
    DMAMUX_OVR_IRQHandler                    0x08000207   Thumb Code     0  startup_stm32g474xx.o(.text)
    EXTI0_IRQHandler                         0x08000207   Thumb Code     0  startup_stm32g474xx.o(.text)
    EXTI15_10_IRQHandler                     0x08000207   Thumb Code     0  startup_stm32g474xx.o(.text)
    EXTI1_IRQHandler                         0x08000207   Thumb Code     0  startup_stm32g474xx.o(.text)
    EXTI2_IRQHandler                         0x08000207   Thumb Code     0  startup_stm32g474xx.o(.text)
    EXTI3_IRQHandler                         0x08000207   Thumb Code     0  startup_stm32g474xx.o(.text)
    EXTI4_IRQHandler                         0x08000207   Thumb Code     0  startup_stm32g474xx.o(.text)
    EXTI9_5_IRQHandler                       0x08000207   Thumb Code     0  startup_stm32g474xx.o(.text)
    FDCAN1_IT0_IRQHandler                    0x08000207   Thumb Code     0  startup_stm32g474xx.o(.text)
    FDCAN1_IT1_IRQHandler                    0x08000207   Thumb Code     0  startup_stm32g474xx.o(.text)
    FDCAN2_IT0_IRQHandler                    0x08000207   Thumb Code     0  startup_stm32g474xx.o(.text)
    FDCAN2_IT1_IRQHandler                    0x08000207   Thumb Code     0  startup_stm32g474xx.o(.text)
    FDCAN3_IT0_IRQHandler                    0x08000207   Thumb Code     0  startup_stm32g474xx.o(.text)
    FDCAN3_IT1_IRQHandler                    0x08000207   Thumb Code     0  startup_stm32g474xx.o(.text)
    FLASH_IRQHandler                         0x08000207   Thumb Code     0  startup_stm32g474xx.o(.text)
    FMAC_IRQHandler                          0x08000207   Thumb Code     0  startup_stm32g474xx.o(.text)
    FMC_IRQHandler                           0x08000207   Thumb Code     0  startup_stm32g474xx.o(.text)
    FPU_IRQHandler                           0x08000207   Thumb Code     0  startup_stm32g474xx.o(.text)
    HRTIM1_FLT_IRQHandler                    0x08000207   Thumb Code     0  startup_stm32g474xx.o(.text)
    HRTIM1_Master_IRQHandler                 0x08000207   Thumb Code     0  startup_stm32g474xx.o(.text)
    HRTIM1_TIMA_IRQHandler                   0x08000207   Thumb Code     0  startup_stm32g474xx.o(.text)
    HRTIM1_TIMB_IRQHandler                   0x08000207   Thumb Code     0  startup_stm32g474xx.o(.text)
    HRTIM1_TIMC_IRQHandler                   0x08000207   Thumb Code     0  startup_stm32g474xx.o(.text)
    HRTIM1_TIMD_IRQHandler                   0x08000207   Thumb Code     0  startup_stm32g474xx.o(.text)
    HRTIM1_TIME_IRQHandler                   0x08000207   Thumb Code     0  startup_stm32g474xx.o(.text)
    HRTIM1_TIMF_IRQHandler                   0x08000207   Thumb Code     0  startup_stm32g474xx.o(.text)
    I2C1_ER_IRQHandler                       0x08000207   Thumb Code     0  startup_stm32g474xx.o(.text)
    I2C1_EV_IRQHandler                       0x08000207   Thumb Code     0  startup_stm32g474xx.o(.text)
    I2C2_ER_IRQHandler                       0x08000207   Thumb Code     0  startup_stm32g474xx.o(.text)
    I2C2_EV_IRQHandler                       0x08000207   Thumb Code     0  startup_stm32g474xx.o(.text)
    I2C3_ER_IRQHandler                       0x08000207   Thumb Code     0  startup_stm32g474xx.o(.text)
    I2C3_EV_IRQHandler                       0x08000207   Thumb Code     0  startup_stm32g474xx.o(.text)
    I2C4_ER_IRQHandler                       0x08000207   Thumb Code     0  startup_stm32g474xx.o(.text)
    I2C4_EV_IRQHandler                       0x08000207   Thumb Code     0  startup_stm32g474xx.o(.text)
    LPTIM1_IRQHandler                        0x08000207   Thumb Code     0  startup_stm32g474xx.o(.text)
    LPUART1_IRQHandler                       0x08000207   Thumb Code     0  startup_stm32g474xx.o(.text)
    PVD_PVM_IRQHandler                       0x08000207   Thumb Code     0  startup_stm32g474xx.o(.text)
    QUADSPI_IRQHandler                       0x08000207   Thumb Code     0  startup_stm32g474xx.o(.text)
    RCC_IRQHandler                           0x08000207   Thumb Code     0  startup_stm32g474xx.o(.text)
    RNG_IRQHandler                           0x08000207   Thumb Code     0  startup_stm32g474xx.o(.text)
    RTC_Alarm_IRQHandler                     0x08000207   Thumb Code     0  startup_stm32g474xx.o(.text)
    RTC_TAMP_LSECSS_IRQHandler               0x08000207   Thumb Code     0  startup_stm32g474xx.o(.text)
    RTC_WKUP_IRQHandler                      0x08000207   Thumb Code     0  startup_stm32g474xx.o(.text)
    SAI1_IRQHandler                          0x08000207   Thumb Code     0  startup_stm32g474xx.o(.text)
    SPI1_IRQHandler                          0x08000207   Thumb Code     0  startup_stm32g474xx.o(.text)
    SPI2_IRQHandler                          0x08000207   Thumb Code     0  startup_stm32g474xx.o(.text)
    SPI3_IRQHandler                          0x08000207   Thumb Code     0  startup_stm32g474xx.o(.text)
    SPI4_IRQHandler                          0x08000207   Thumb Code     0  startup_stm32g474xx.o(.text)
    TIM1_BRK_TIM15_IRQHandler                0x08000207   Thumb Code     0  startup_stm32g474xx.o(.text)
    TIM1_CC_IRQHandler                       0x08000207   Thumb Code     0  startup_stm32g474xx.o(.text)
    TIM1_TRG_COM_TIM17_IRQHandler            0x08000207   Thumb Code     0  startup_stm32g474xx.o(.text)
    TIM1_UP_TIM16_IRQHandler                 0x08000207   Thumb Code     0  startup_stm32g474xx.o(.text)
    TIM20_BRK_IRQHandler                     0x08000207   Thumb Code     0  startup_stm32g474xx.o(.text)
    TIM20_CC_IRQHandler                      0x08000207   Thumb Code     0  startup_stm32g474xx.o(.text)
    TIM20_TRG_COM_IRQHandler                 0x08000207   Thumb Code     0  startup_stm32g474xx.o(.text)
    TIM20_UP_IRQHandler                      0x08000207   Thumb Code     0  startup_stm32g474xx.o(.text)
    TIM2_IRQHandler                          0x08000207   Thumb Code     0  startup_stm32g474xx.o(.text)
    TIM3_IRQHandler                          0x08000207   Thumb Code     0  startup_stm32g474xx.o(.text)
    TIM4_IRQHandler                          0x08000207   Thumb Code     0  startup_stm32g474xx.o(.text)
    TIM5_IRQHandler                          0x08000207   Thumb Code     0  startup_stm32g474xx.o(.text)
    TIM7_DAC_IRQHandler                      0x08000207   Thumb Code     0  startup_stm32g474xx.o(.text)
    TIM8_BRK_IRQHandler                      0x08000207   Thumb Code     0  startup_stm32g474xx.o(.text)
    TIM8_CC_IRQHandler                       0x08000207   Thumb Code     0  startup_stm32g474xx.o(.text)
    TIM8_TRG_COM_IRQHandler                  0x08000207   Thumb Code     0  startup_stm32g474xx.o(.text)
    TIM8_UP_IRQHandler                       0x08000207   Thumb Code     0  startup_stm32g474xx.o(.text)
    UART4_IRQHandler                         0x08000207   Thumb Code     0  startup_stm32g474xx.o(.text)
    UART5_IRQHandler                         0x08000207   Thumb Code     0  startup_stm32g474xx.o(.text)
    UCPD1_IRQHandler                         0x08000207   Thumb Code     0  startup_stm32g474xx.o(.text)
    USART1_IRQHandler                        0x08000207   Thumb Code     0  startup_stm32g474xx.o(.text)
    USART3_IRQHandler                        0x08000207   Thumb Code     0  startup_stm32g474xx.o(.text)
    USBWakeUp_IRQHandler                     0x08000207   Thumb Code     0  startup_stm32g474xx.o(.text)
    USB_HP_IRQHandler                        0x08000207   Thumb Code     0  startup_stm32g474xx.o(.text)
    USB_LP_IRQHandler                        0x08000207   Thumb Code     0  startup_stm32g474xx.o(.text)
    WWDG_IRQHandler                          0x08000207   Thumb Code     0  startup_stm32g474xx.o(.text)
    __aeabi_uldivmod                         0x08000211   Thumb Code    98  uldiv.o(.text)
    __aeabi_memcpy                           0x08000273   Thumb Code    36  memcpya.o(.text)
    __aeabi_memcpy4                          0x08000273   Thumb Code     0  memcpya.o(.text)
    __aeabi_memcpy8                          0x08000273   Thumb Code     0  memcpya.o(.text)
    __aeabi_memset                           0x08000297   Thumb Code    14  memseta.o(.text)
    __aeabi_memset4                          0x08000297   Thumb Code     0  memseta.o(.text)
    __aeabi_memset8                          0x08000297   Thumb Code     0  memseta.o(.text)
    __aeabi_memclr                           0x080002a5   Thumb Code     4  memseta.o(.text)
    __aeabi_memclr4                          0x080002a5   Thumb Code     0  memseta.o(.text)
    __aeabi_memclr8                          0x080002a5   Thumb Code     0  memseta.o(.text)
    _memset$wrapper                          0x080002a9   Thumb Code    18  memseta.o(.text)
    __aeabi_dadd                             0x080002bb   Thumb Code   322  dadd.o(.text)
    __aeabi_dsub                             0x080003fd   Thumb Code     6  dadd.o(.text)
    __aeabi_drsub                            0x08000403   Thumb Code     6  dadd.o(.text)
    __aeabi_dmul                             0x08000409   Thumb Code   228  dmul.o(.text)
    __aeabi_ui2d                             0x080004ed   Thumb Code    26  dfltui.o(.text)
    __aeabi_f2d                              0x08000507   Thumb Code    38  f2d.o(.text)
    __aeabi_uidiv                            0x0800052d   Thumb Code     0  uidiv.o(.text)
    __aeabi_uidivmod                         0x0800052d   Thumb Code    44  uidiv.o(.text)
    __aeabi_llsl                             0x08000559   Thumb Code    30  llshl.o(.text)
    _ll_shift_l                              0x08000559   Thumb Code     0  llshl.o(.text)
    __aeabi_llsr                             0x08000577   Thumb Code    32  llushr.o(.text)
    _ll_ushift_r                             0x08000577   Thumb Code     0  llushr.o(.text)
    __aeabi_lasr                             0x08000597   Thumb Code    36  llsshr.o(.text)
    _ll_sshift_r                             0x08000597   Thumb Code     0  llsshr.o(.text)
    __I$use$fp                               0x080005bb   Thumb Code     0  iusefp.o(.text)
    _double_round                            0x080005bb   Thumb Code    30  depilogue.o(.text)
    _double_epilogue                         0x080005d9   Thumb Code   156  depilogue.o(.text)
    __aeabi_ddiv                             0x08000675   Thumb Code   222  ddiv.o(.text)
    __aeabi_d2ulz                            0x08000753   Thumb Code    48  dfixul.o(.text)
    __aeabi_cdrcmple                         0x08000785   Thumb Code    48  cdrcmple.o(.text)
    __scatterload                            0x080007b5   Thumb Code    28  init.o(.text)
    __scatterload_rt2                        0x080007b5   Thumb Code     0  init.o(.text)
    ADC_DMAConvCplt                          0x080007d9   Thumb Code   104  stm32g4xx_hal_adc.o(i.ADC_DMAConvCplt)
    ADC_DMAError                             0x08000841   Thumb Code    26  stm32g4xx_hal_adc.o(i.ADC_DMAError)
    ADC_DMAHalfConvCplt                      0x0800085b   Thumb Code    10  stm32g4xx_hal_adc.o(i.ADC_DMAHalfConvCplt)
    ADC_Enable                               0x08000865   Thumb Code   176  stm32g4xx_hal_adc.o(i.ADC_Enable)
    BusFault_Handler                         0x0800092d   Thumb Code     2  stm32g4xx_it.o(i.BusFault_Handler)
    DAQ_Convert                              0x08000931   Thumb Code   106  daq.o(i.DAQ_Convert)
    DAQ_GetPhys                              0x080009bd   Thumb Code    12  daq.o(i.DAQ_GetPhys)
    DAQ_Init                                 0x080009cd   Thumb Code    26  daq.o(i.DAQ_Init)
    DMA1_Channel1_IRQHandler                 0x080009f1   Thumb Code    16  stm32g4xx_it.o(i.DMA1_Channel1_IRQHandler)
    DMA1_Channel2_IRQHandler                 0x08000a05   Thumb Code     6  stm32g4xx_it.o(i.DMA1_Channel2_IRQHandler)
    DMA1_Channel3_IRQHandler                 0x08000a11   Thumb Code     6  stm32g4xx_it.o(i.DMA1_Channel3_IRQHandler)
    DMA1_Channel4_IRQHandler                 0x08000a1d   Thumb Code     6  stm32g4xx_it.o(i.DMA1_Channel4_IRQHandler)
    DebugMon_Handler                         0x08000ad7   Thumb Code     2  stm32g4xx_it.o(i.DebugMon_Handler)
    Error_Handler                            0x08000ad9   Thumb Code     4  main.o(i.Error_Handler)
    FSM_Init                                 0x08000add   Thumb Code    38  fsm.o(i.FSM_Init)
    FSM_PostCmd                              0x08000b11   Thumb Code     6  fsm.o(i.FSM_PostCmd)
    FSM_SetFault                             0x08000b1d   Thumb Code    10  fsm.o(i.FSM_SetFault)
    FSM_Tick1ms                              0x08000b2d   Thumb Code   116  fsm.o(i.FSM_Tick1ms)
    HAL_ADCEx_MultiModeConfigChannel         0x08000ba9   Thumb Code   312  stm32g4xx_hal_adc_ex.o(i.HAL_ADCEx_MultiModeConfigChannel)
    HAL_ADC_ConfigChannel                    0x08000cf9   Thumb Code  1054  stm32g4xx_hal_adc.o(i.HAL_ADC_ConfigChannel)
    HAL_ADC_ConvCpltCallback                 0x08001159   Thumb Code     2  stm32g4xx_hal_adc.o(i.HAL_ADC_ConvCpltCallback)
    HAL_ADC_ConvHalfCpltCallback             0x0800115b   Thumb Code     2  stm32g4xx_hal_adc.o(i.HAL_ADC_ConvHalfCpltCallback)
    HAL_ADC_ErrorCallback                    0x0800115d   Thumb Code     2  stm32g4xx_hal_adc.o(i.HAL_ADC_ErrorCallback)
    HAL_ADC_Init                             0x08001161   Thumb Code   514  stm32g4xx_hal_adc.o(i.HAL_ADC_Init)
    HAL_ADC_MspInit                          0x08001395   Thumb Code   672  adc.o(i.HAL_ADC_MspInit)
    HAL_ADC_Start_DMA                        0x08001661   Thumb Code   260  stm32g4xx_hal_adc.o(i.HAL_ADC_Start_DMA)
    HAL_COMP_Init                            0x0800178d   Thumb Code   528  stm32g4xx_hal_comp.o(i.HAL_COMP_Init)
    HAL_COMP_MspInit                         0x080019c1   Thumb Code    64  comp.o(i.HAL_COMP_MspInit)
    HAL_DACEx_DMAUnderrunCallbackCh2         0x08001a0d   Thumb Code     2  stm32g4xx_hal_dac_ex.o(i.HAL_DACEx_DMAUnderrunCallbackCh2)
    HAL_DAC_ConfigChannel                    0x08001a11   Thumb Code   446  stm32g4xx_hal_dac.o(i.HAL_DAC_ConfigChannel)
    HAL_DAC_DMAUnderrunCallbackCh1           0x08001bd9   Thumb Code     2  stm32g4xx_hal_dac.o(i.HAL_DAC_DMAUnderrunCallbackCh1)
    HAL_DAC_IRQHandler                       0x08001bdb   Thumb Code   104  stm32g4xx_hal_dac.o(i.HAL_DAC_IRQHandler)
    HAL_DAC_Init                             0x08001c43   Thumb Code    40  stm32g4xx_hal_dac.o(i.HAL_DAC_Init)
    HAL_DAC_MspInit                          0x08001c6d   Thumb Code    50  dac.o(i.HAL_DAC_MspInit)
    HAL_DMA_Abort                            0x08001ca9   Thumb Code   112  stm32g4xx_hal_dma.o(i.HAL_DMA_Abort)
    HAL_DMA_Abort_IT                         0x08001d19   Thumb Code   120  stm32g4xx_hal_dma.o(i.HAL_DMA_Abort_IT)
    HAL_DMA_IRQHandler                       0x08001d91   Thumb Code   186  stm32g4xx_hal_dma.o(i.HAL_DMA_IRQHandler)
    HAL_DMA_Init                             0x08001e4d   Thumb Code   182  stm32g4xx_hal_dma.o(i.HAL_DMA_Init)
    HAL_DMA_Start_IT                         0x08001f11   Thumb Code   140  stm32g4xx_hal_dma.o(i.HAL_DMA_Start_IT)
    HAL_Delay                                0x08001f9d   Thumb Code    32  stm32g4xx_hal.o(i.HAL_Delay)
    HAL_GPIO_Init                            0x08001fc1   Thumb Code   406  stm32g4xx_hal_gpio.o(i.HAL_GPIO_Init)
    HAL_GPIO_ReadPin                         0x08002179   Thumb Code    10  stm32g4xx_hal_gpio.o(i.HAL_GPIO_ReadPin)
    HAL_GPIO_TogglePin                       0x08002183   Thumb Code    16  stm32g4xx_hal_gpio.o(i.HAL_GPIO_TogglePin)
    HAL_GPIO_WritePin                        0x08002193   Thumb Code    10  stm32g4xx_hal_gpio.o(i.HAL_GPIO_WritePin)
    HAL_GetTick                              0x0800219d   Thumb Code     6  stm32g4xx_hal.o(i.HAL_GetTick)
    HAL_HRTIM_DLLCalibrationStart            0x080021a9   Thumb Code    98  stm32g4xx_hal_hrtim.o(i.HAL_HRTIM_DLLCalibrationStart)
    HAL_HRTIM_Init                           0x0800220d   Thumb Code   182  stm32g4xx_hal_hrtim.o(i.HAL_HRTIM_Init)
    HAL_HRTIM_MspInit                        0x080022cd   Thumb Code    30  hrtim.o(i.HAL_HRTIM_MspInit)
    HAL_HRTIM_MspPostInit                    0x080022f5   Thumb Code   108  hrtim.o(i.HAL_HRTIM_MspPostInit)
    HAL_HRTIM_PollForDLLCalibration          0x08002371   Thumb Code    66  stm32g4xx_hal_hrtim.o(i.HAL_HRTIM_PollForDLLCalibration)
    HAL_HRTIM_TimeBaseConfig                 0x080023b3   Thumb Code   122  stm32g4xx_hal_hrtim.o(i.HAL_HRTIM_TimeBaseConfig)
    HAL_HRTIM_WaveformCompareConfig          0x0800242d   Thumb Code   296  stm32g4xx_hal_hrtim.o(i.HAL_HRTIM_WaveformCompareConfig)
    HAL_HRTIM_WaveformTimerConfig            0x08002555   Thumb Code   144  stm32g4xx_hal_hrtim.o(i.HAL_HRTIM_WaveformTimerConfig)
    HAL_I2CEx_ConfigAnalogFilter             0x080025e5   Thumb Code    86  stm32g4xx_hal_i2c_ex.o(i.HAL_I2CEx_ConfigAnalogFilter)
    HAL_I2CEx_ConfigDigitalFilter            0x0800263b   Thumb Code    82  stm32g4xx_hal_i2c_ex.o(i.HAL_I2CEx_ConfigDigitalFilter)
    HAL_I2C_Init                             0x0800268d   Thumb Code   184  stm32g4xx_hal_i2c.o(i.HAL_I2C_Init)
    HAL_I2C_Master_Transmit                  0x08002749   Thumb Code   322  stm32g4xx_hal_i2c.o(i.HAL_I2C_Master_Transmit)
    HAL_I2C_MspInit                          0x08002895   Thumb Code   150  i2c.o(i.HAL_I2C_MspInit)
    HAL_IncTick                              0x08002939   Thumb Code    12  stm32g4xx_hal.o(i.HAL_IncTick)
    HAL_Init                                 0x08002949   Thumb Code    30  stm32g4xx_hal.o(i.HAL_Init)
    HAL_InitTick                             0x08002969   Thumb Code    58  stm32g4xx_hal.o(i.HAL_InitTick)
    HAL_MspInit                              0x080029ad   Thumb Code    42  stm32g4xx_hal_msp.o(i.HAL_MspInit)
    HAL_NVIC_EnableIRQ                       0x080029dd   Thumb Code    26  stm32g4xx_hal_cortex.o(i.HAL_NVIC_EnableIRQ)
    HAL_NVIC_SetPriority                     0x080029f9   Thumb Code    60  stm32g4xx_hal_cortex.o(i.HAL_NVIC_SetPriority)
    HAL_NVIC_SetPriorityGrouping             0x08002a39   Thumb Code    26  stm32g4xx_hal_cortex.o(i.HAL_NVIC_SetPriorityGrouping)
    HAL_PWREx_ControlVoltageScaling          0x08002a5d   Thumb Code   174  stm32g4xx_hal_pwr_ex.o(i.HAL_PWREx_ControlVoltageScaling)
    HAL_PWREx_DisableUCPDDeadBattery         0x08002b19   Thumb Code    12  stm32g4xx_hal_pwr_ex.o(i.HAL_PWREx_DisableUCPDDeadBattery)
    HAL_RCCEx_PeriphCLKConfig                0x08002b29   Thumb Code   782  stm32g4xx_hal_rcc_ex.o(i.HAL_RCCEx_PeriphCLKConfig)
    HAL_RCC_ClockConfig                      0x08002e41   Thumb Code   442  stm32g4xx_hal_rcc.o(i.HAL_RCC_ClockConfig)
    HAL_RCC_GetHCLKFreq                      0x0800301d   Thumb Code     6  stm32g4xx_hal_rcc.o(i.HAL_RCC_GetHCLKFreq)
    HAL_RCC_GetPCLK1Freq                     0x08003029   Thumb Code    24  stm32g4xx_hal_rcc.o(i.HAL_RCC_GetPCLK1Freq)
    HAL_RCC_GetPCLK2Freq                     0x0800304d   Thumb Code    24  stm32g4xx_hal_rcc.o(i.HAL_RCC_GetPCLK2Freq)
    HAL_RCC_GetSysClockFreq                  0x08003071   Thumb Code    98  stm32g4xx_hal_rcc.o(i.HAL_RCC_GetSysClockFreq)
    HAL_RCC_OscConfig                        0x080030dd   Thumb Code   992  stm32g4xx_hal_rcc.o(i.HAL_RCC_OscConfig)
    HAL_SYSTICK_Config                       0x080034d1   Thumb Code    40  stm32g4xx_hal_cortex.o(i.HAL_SYSTICK_Config)
    HAL_TIMEx_Break2Callback                 0x080034f9   Thumb Code     2  stm32g4xx_hal_tim_ex.o(i.HAL_TIMEx_Break2Callback)
    HAL_TIMEx_BreakCallback                  0x080034fb   Thumb Code     2  stm32g4xx_hal_tim_ex.o(i.HAL_TIMEx_BreakCallback)
    HAL_TIMEx_CommutCallback                 0x080034fd   Thumb Code     2  stm32g4xx_hal_tim_ex.o(i.HAL_TIMEx_CommutCallback)
    HAL_TIMEx_ConfigBreakDeadTime            0x08003501   Thumb Code   154  stm32g4xx_hal_tim_ex.o(i.HAL_TIMEx_ConfigBreakDeadTime)
    HAL_TIMEx_DirectionChangeCallback        0x080035a9   Thumb Code     2  stm32g4xx_hal_tim_ex.o(i.HAL_TIMEx_DirectionChangeCallback)
    HAL_TIMEx_EncoderIndexCallback           0x080035ab   Thumb Code     2  stm32g4xx_hal_tim_ex.o(i.HAL_TIMEx_EncoderIndexCallback)
    HAL_TIMEx_IndexErrorCallback             0x080035ad   Thumb Code     2  stm32g4xx_hal_tim_ex.o(i.HAL_TIMEx_IndexErrorCallback)
    HAL_TIMEx_MasterConfigSynchronization    0x080035b1   Thumb Code   150  stm32g4xx_hal_tim_ex.o(i.HAL_TIMEx_MasterConfigSynchronization)
    HAL_TIMEx_PWMN_Start                     0x08003669   Thumb Code   176  stm32g4xx_hal_tim_ex.o(i.HAL_TIMEx_PWMN_Start)
    HAL_TIMEx_TransitionErrorCallback        0x08003739   Thumb Code     2  stm32g4xx_hal_tim_ex.o(i.HAL_TIMEx_TransitionErrorCallback)
    HAL_TIM_Base_Init                        0x0800373b   Thumb Code    98  stm32g4xx_hal_tim.o(i.HAL_TIM_Base_Init)
    HAL_TIM_Base_MspInit                     0x0800379d   Thumb Code    50  tim.o(i.HAL_TIM_Base_MspInit)
    HAL_TIM_Base_Start_IT                    0x080037d9   Thumb Code   106  stm32g4xx_hal_tim.o(i.HAL_TIM_Base_Start_IT)
    HAL_TIM_Encoder_Init                     0x08003865   Thumb Code   162  stm32g4xx_hal_tim.o(i.HAL_TIM_Encoder_Init)
    HAL_TIM_Encoder_MspInit                  0x0800390d   Thumb Code    84  tim.o(i.HAL_TIM_Encoder_MspInit)
    HAL_TIM_IC_CaptureCallback               0x0800396d   Thumb Code     2  stm32g4xx_hal_tim.o(i.HAL_TIM_IC_CaptureCallback)
    HAL_TIM_IRQHandler                       0x0800396f   Thumb Code   418  stm32g4xx_hal_tim.o(i.HAL_TIM_IRQHandler)
    HAL_TIM_MspPostInit                      0x08003b11   Thumb Code   194  tim.o(i.HAL_TIM_MspPostInit)
    HAL_TIM_OC_ConfigChannel                 0x08003be9   Thumb Code   110  stm32g4xx_hal_tim.o(i.HAL_TIM_OC_ConfigChannel)
    HAL_TIM_OC_DelayElapsedCallback          0x08003c57   Thumb Code     2  stm32g4xx_hal_tim.o(i.HAL_TIM_OC_DelayElapsedCallback)
    HAL_TIM_OC_Init                          0x08003c59   Thumb Code    98  stm32g4xx_hal_tim.o(i.HAL_TIM_OC_Init)
    HAL_TIM_OC_MspInit                       0x08003cbd   Thumb Code    30  tim.o(i.HAL_TIM_OC_MspInit)
    HAL_TIM_PWM_ConfigChannel                0x08003ce5   Thumb Code   292  stm32g4xx_hal_tim.o(i.HAL_TIM_PWM_ConfigChannel)
    HAL_TIM_PWM_Init                         0x08003e09   Thumb Code    98  stm32g4xx_hal_tim.o(i.HAL_TIM_PWM_Init)
    HAL_TIM_PWM_MspInit                      0x08003e6d   Thumb Code    30  tim.o(i.HAL_TIM_PWM_MspInit)
    HAL_TIM_PWM_PulseFinishedCallback        0x08003e95   Thumb Code     2  stm32g4xx_hal_tim.o(i.HAL_TIM_PWM_PulseFinishedCallback)
    HAL_TIM_PWM_Start                        0x08003e99   Thumb Code   246  stm32g4xx_hal_tim.o(i.HAL_TIM_PWM_Start)
    HAL_TIM_PeriodElapsedCallback            0x08003fb9   Thumb Code    14  sched.o(i.HAL_TIM_PeriodElapsedCallback)
    HAL_TIM_TriggerCallback                  0x08003fcd   Thumb Code     2  stm32g4xx_hal_tim.o(i.HAL_TIM_TriggerCallback)
    HAL_UARTEx_DisableFifoMode               0x08003fcf   Thumb Code    62  stm32g4xx_hal_uart_ex.o(i.HAL_UARTEx_DisableFifoMode)
    HAL_UARTEx_RxEventCallback               0x0800400d   Thumb Code     2  stm32g4xx_hal_uart.o(i.HAL_UARTEx_RxEventCallback)
    HAL_UARTEx_RxFifoFullCallback            0x0800400f   Thumb Code     2  stm32g4xx_hal_uart_ex.o(i.HAL_UARTEx_RxFifoFullCallback)
    HAL_UARTEx_SetRxFifoThreshold            0x08004011   Thumb Code    76  stm32g4xx_hal_uart_ex.o(i.HAL_UARTEx_SetRxFifoThreshold)
    HAL_UARTEx_SetTxFifoThreshold            0x0800405d   Thumb Code    76  stm32g4xx_hal_uart_ex.o(i.HAL_UARTEx_SetTxFifoThreshold)
    HAL_UARTEx_TxFifoEmptyCallback           0x080040a9   Thumb Code     2  stm32g4xx_hal_uart_ex.o(i.HAL_UARTEx_TxFifoEmptyCallback)
    HAL_UARTEx_WakeupCallback                0x080040ab   Thumb Code     2  stm32g4xx_hal_uart_ex.o(i.HAL_UARTEx_WakeupCallback)
    HAL_UART_ErrorCallback                   0x080040ad   Thumb Code     2  stm32g4xx_hal_uart.o(i.HAL_UART_ErrorCallback)
    HAL_UART_IRQHandler                      0x080040b1   Thumb Code   782  stm32g4xx_hal_uart.o(i.HAL_UART_IRQHandler)
    HAL_UART_Init                            0x080043cd   Thumb Code   106  stm32g4xx_hal_uart.o(i.HAL_UART_Init)
    HAL_UART_MspInit                         0x08004439   Thumb Code   128  usart.o(i.HAL_UART_MspInit)
    HAL_UART_TxCpltCallback                  0x080044c1   Thumb Code     2  stm32g4xx_hal_uart.o(i.HAL_UART_TxCpltCallback)
    HardFault_Handler                        0x08004751   Thumb Code     2  stm32g4xx_it.o(i.HardFault_Handler)
    Key_Init                                 0x080049d9   Thumb Code    34  key.o(i.Key_Init)
    Key_Scan                                 0x08004a05   Thumb Code    66  key.o(i.Key_Scan)
    MX_ADC1_Init                             0x08004ac1   Thumb Code   170  adc.o(i.MX_ADC1_Init)
    MX_ADC2_Init                             0x08004b7d   Thumb Code   142  adc.o(i.MX_ADC2_Init)
    MX_ADC3_Init                             0x08004c21   Thumb Code   164  adc.o(i.MX_ADC3_Init)
    MX_ADC4_Init                             0x08004cd9   Thumb Code   142  adc.o(i.MX_ADC4_Init)
    MX_COMP4_Init                            0x08004d7d   Thumb Code    48  comp.o(i.MX_COMP4_Init)
    MX_DAC1_Init                             0x08004db5   Thumb Code    78  dac.o(i.MX_DAC1_Init)
    MX_DMA_Init                              0x08004e0d   Thumb Code   104  dma.o(i.MX_DMA_Init)
    MX_GPIO_Init                             0x08004e79   Thumb Code   270  gpio.o(i.MX_GPIO_Init)
    MX_HRTIM1_Init                           0x08004f9d   Thumb Code   214  hrtim.o(i.MX_HRTIM1_Init)
    MX_I2C1_Init                             0x0800507d   Thumb Code    76  i2c.o(i.MX_I2C1_Init)
    MX_TIM1_Init                             0x080050d5   Thumb Code   166  tim.o(i.MX_TIM1_Init)
    MX_TIM3_Init                             0x08005185   Thumb Code   102  tim.o(i.MX_TIM3_Init)
    MX_TIM6_Init                             0x080051f5   Thumb Code    64  tim.o(i.MX_TIM6_Init)
    MX_TIM8_Init                             0x0800523d   Thumb Code   226  tim.o(i.MX_TIM8_Init)
    MX_USART2_UART_Init                      0x08005329   Thumb Code    94  usart.o(i.MX_USART2_UART_Init)
    MemManage_Handler                        0x08005391   Thumb Code     2  stm32g4xx_it.o(i.MemManage_Handler)
    NMI_Handler                              0x08005393   Thumb Code     2  stm32g4xx_it.o(i.NMI_Handler)
    OLED_DisPlay_On                          0x08005395   Thumb Code    24  oled.o(i.OLED_DisPlay_On)
    OLED_Init                                0x080053ad   Thumb Code   182  oled.o(i.OLED_Init)
    OLED_NewFrame                            0x08005465   Thumb Code    10  oled.o(i.OLED_NewFrame)
    OLED_PrintASCIIChar                      0x08005475   Thumb Code    34  oled.o(i.OLED_PrintASCIIChar)
    OLED_PrintASCIIString                    0x08005497   Thumb Code    46  oled.o(i.OLED_PrintASCIIString)
    OLED_Send                                0x080054c5   Thumb Code    20  oled.o(i.OLED_Send)
    OLED_SendCmd                             0x080054dd   Thumb Code    12  oled.o(i.OLED_SendCmd)
    OLED_SetBits                             0x080054ed   Thumb Code    72  oled.o(i.OLED_SetBits)
    OLED_SetBits_Fine                        0x08005535   Thumb Code   104  oled.o(i.OLED_SetBits_Fine)
    OLED_SetBlock                            0x0800559d   Thumb Code   138  oled.o(i.OLED_SetBlock)
    OLED_SetByte_Fine                        0x08005629   Thumb Code    64  oled.o(i.OLED_SetByte_Fine)
    OLED_ShowFrame                           0x08005671   Thumb Code    66  oled.o(i.OLED_ShowFrame)
    PI_Compute                               0x080056b9   Thumb Code   110  alg.o(i.PI_Compute)
    PI_Init                                  0x08005729   Thumb Code    30  alg.o(i.PI_Init)
    PR_Compute                               0x0800574d   Thumb Code   288  alg.o(i.PR_Compute)
    PR_Init                                  0x08005879   Thumb Code    66  alg.o(i.PR_Init)
    PWR_ApplyProtMask                        0x080058c1   Thumb Code    32  pwr.o(i.PWR_ApplyProtMask)
    PWR_CheckFault                           0x080058e9   Thumb Code   234  pwr.o(i.PWR_CheckFault)
    PWR_EmergencyStop                        0x080059dd   Thumb Code    14  pwr.o(i.PWR_EmergencyStop)
    PWR_GetProtStatusStr                     0x080059f1   Thumb Code    22  pwr.o(i.PWR_GetProtStatusStr)
    PWR_MOE_On                               0x08005a1d   Thumb Code    14  pwr.o(i.PWR_MOE_On)
    PWR_NormalStop                           0x08005a31   Thumb Code     4  pwr.o(i.PWR_NormalStop)
    PWR_RefreshWatchdog                      0x08005a35   Thumb Code     2  pwr.o(i.PWR_RefreshWatchdog)
    PWR_SequenceStart                        0x08005a39   Thumb Code    60  pwr.o(i.PWR_SequenceStart)
    PendSV_Handler                           0x08005a7d   Thumb Code     2  stm32g4xx_it.o(i.PendSV_Handler)
    RectCtrl_Init                            0x08005a81   Thumb Code    80  loop.o(i.RectCtrl_Init)
    RectCtrl_SetVdcRef                       0x08005ae9   Thumb Code     6  loop.o(i.RectCtrl_SetVdcRef)
    RectCtrl_Step                            0x08005af1   Thumb Code   208  loop.o(i.RectCtrl_Step)
    SVC_Handler                              0x08005bd9   Thumb Code     2  stm32g4xx_it.o(i.SVC_Handler)
    Sched_ISR_1ms                            0x08005bdd   Thumb Code    84  sched.o(i.Sched_ISR_1ms)
    Sched_ISR_20kHz                          0x08005c35   Thumb Code    98  sched.o(i.Sched_ISR_20kHz)
    Sched_Init                               0x08005ca5   Thumb Code    28  sched.o(i.Sched_Init)
    SysTick_Handler                          0x08005ccd   Thumb Code     4  stm32g4xx_it.o(i.SysTick_Handler)
    SystemClock_Config                       0x08005cd1   Thumb Code   104  main.o(i.SystemClock_Config)
    SystemInit                               0x08005d39   Thumb Code    12  system_stm32g4xx.o(i.SystemInit)
    TIM6_DAC_IRQHandler                      0x08005d49   Thumb Code    18  stm32g4xx_it.o(i.TIM6_DAC_IRQHandler)
    TIM_Base_SetConfig                       0x08005d65   Thumb Code   184  stm32g4xx_hal_tim.o(i.TIM_Base_SetConfig)
    TIM_CCxChannelCmd                        0x08005e41   Thumb Code    26  stm32g4xx_hal_tim.o(i.TIM_CCxChannelCmd)
    TIM_OC2_SetConfig                        0x08005f25   Thumb Code   140  stm32g4xx_hal_tim.o(i.TIM_OC2_SetConfig)
    UART_AdvFeatureConfig                    0x08006255   Thumb Code   200  stm32g4xx_hal_uart.o(i.UART_AdvFeatureConfig)
    UART_CheckIdleState                      0x0800631d   Thumb Code   172  stm32g4xx_hal_uart.o(i.UART_CheckIdleState)
    UART_SetConfig                           0x08006429   Thumb Code   616  stm32g4xx_hal_uart.o(i.UART_SetConfig)
    UART_WaitOnFlagUntilTimeout              0x080066c1   Thumb Code   146  stm32g4xx_hal_uart.o(i.UART_WaitOnFlagUntilTimeout)
    USART2_IRQHandler                        0x08006755   Thumb Code     6  stm32g4xx_it.o(i.USART2_IRQHandler)
    UsageFault_Handler                       0x08006761   Thumb Code     2  stm32g4xx_it.o(i.UsageFault_Handler)
    __0sprintf                               0x08006765   Thumb Code    34  printfa.o(i.__0sprintf)
    __1sprintf                               0x08006765   Thumb Code     0  printfa.o(i.__0sprintf)
    __2sprintf                               0x08006765   Thumb Code     0  printfa.o(i.__0sprintf)
    __c89sprintf                             0x08006765   Thumb Code     0  printfa.o(i.__0sprintf)
    sprintf                                  0x08006765   Thumb Code     0  printfa.o(i.__0sprintf)
    __scatterload_copy                       0x080067ad   Thumb Code    14  handlers.o(i.__scatterload_copy)
    __scatterload_null                       0x080067bb   Thumb Code     2  handlers.o(i.__scatterload_null)
    __scatterload_zeroinit                   0x080067bd   Thumb Code    14  handlers.o(i.__scatterload_zeroinit)
    main                                     0x08007199   Thumb Code   424  main.o(i.main)
    UARTPrescTable                           0x08007434   Data          24  stm32g4xx_hal_uart.o(.constdata)
    AHBPrescTable                            0x0800745c   Data          16  system_stm32g4xx.o(.constdata)
    APBPrescTable                            0x0800746c   Data           8  system_stm32g4xx.o(.constdata)
    ascii_12x6                               0x08007474   Data        1140  font.o(.constdata)
    afont12x6                                0x080078e8   Data           8  font.o(.constdata)
    Region$$Table$$Base                      0x08007924   Number         0  anon$$obj.o(Region$$Table)
    Region$$Table$$Limit                     0x08007944   Number         0  anon$$obj.o(Region$$Table)
    uwTickPrio                               0x20000024   Data           4  stm32g4xx_hal.o(.data)
    uwTickFreq                               0x20000028   Data           4  stm32g4xx_hal.o(.data)
    uwTick                                   0x2000002c   Data           4  stm32g4xx_hal.o(.data)
    SystemCoreClock                          0x20000030   Data           4  system_stm32g4xx.o(.data)
    g_adc1_raw                               0x20000034   Data           4  daq.o(.data)
    g_adc2_raw                               0x20000038   Data           4  daq.o(.data)
    g_adc3_raw                               0x2000003c   Data           4  daq.o(.data)
    g_adc4_raw                               0x20000040   Data           4  daq.o(.data)
    g_prot_enabled                           0x20000048   Data           1  pwr.o(.data)
    g_prot_mask_pending                      0x20000049   Data           1  pwr.o(.data)
    g_prot                                   0x2000004c   Data          24  pwr.o(.data)
    g_flag                                   0x20000067   Data           4  sched.o(.data)
    hadc1                                    0x2000006c   Data         108  adc.o(.bss)
    hadc2                                    0x200000d8   Data         108  adc.o(.bss)
    hadc3                                    0x20000144   Data         108  adc.o(.bss)
    hadc4                                    0x200001b0   Data         108  adc.o(.bss)
    hdma_adc1                                0x2000021c   Data          96  adc.o(.bss)
    hdma_adc2                                0x2000027c   Data          96  adc.o(.bss)
    hdma_adc3                                0x200002dc   Data          96  adc.o(.bss)
    hdma_adc4                                0x2000033c   Data          96  adc.o(.bss)
    hcomp4                                   0x2000039c   Data          36  comp.o(.bss)
    hdac1                                    0x200003c0   Data          20  dac.o(.bss)
    hhrtim1                                  0x200003d4   Data         252  hrtim.o(.bss)
    hi2c1                                    0x200004d0   Data          84  i2c.o(.bss)
    htim1                                    0x20000524   Data          76  tim.o(.bss)
    htim3                                    0x20000570   Data          76  tim.o(.bss)
    htim6                                    0x200005bc   Data          76  tim.o(.bss)
    htim8                                    0x20000608   Data          76  tim.o(.bss)
    huart2                                   0x20000654   Data         148  usart.o(.bss)
    g_adc_phys                               0x200006e8   Data          32  daq.o(.bss)
    g_sys                                    0x20000708   Data          28  fsm.o(.bss)
    OLED_GRAM                                0x200007bd   Data        1024  oled.o(.bss)
    g_rect                                   0x20000bc0   Data         128  sched.o(.bss)
    __initial_sp                             0x20001040   Data           0  startup_stm32g474xx.o(STACK)



==============================================================================

Memory Map of the image

  Image Entry point : 0x080001d9

  Load Region LR_IROM1 (Base: 0x08000000, Size: 0x000079b0, Max: 0x00040000, ABSOLUTE)

    Execution Region ER_IROM1 (Exec base: 0x08000000, Load base: 0x08000000, Size: 0x00007944, Max: 0x00040000, ABSOLUTE)

    Exec Addr    Load Addr    Size         Type   Attr      Idx    E Section Name        Object

    0x08000000   0x08000000   0x000001d8   Data   RO            3    RESET               startup_stm32g474xx.o
    0x080001d8   0x080001d8   0x00000000   Code   RO         6858  * .ARM.Collect$$$$00000000  mc_w.l(entry.o)
    0x080001d8   0x080001d8   0x00000004   Code   RO         7144    .ARM.Collect$$$$00000001  mc_w.l(entry2.o)
    0x080001dc   0x080001dc   0x00000004   Code   RO         7147    .ARM.Collect$$$$00000004  mc_w.l(entry5.o)
    0x080001e0   0x080001e0   0x00000000   Code   RO         7149    .ARM.Collect$$$$00000008  mc_w.l(entry7b.o)
    0x080001e0   0x080001e0   0x00000000   Code   RO         7151    .ARM.Collect$$$$0000000A  mc_w.l(entry8b.o)
    0x080001e0   0x080001e0   0x00000008   Code   RO         7152    .ARM.Collect$$$$0000000B  mc_w.l(entry9a.o)
    0x080001e8   0x080001e8   0x00000000   Code   RO         7154    .ARM.Collect$$$$0000000D  mc_w.l(entry10a.o)
    0x080001e8   0x080001e8   0x00000000   Code   RO         7156    .ARM.Collect$$$$0000000F  mc_w.l(entry11a.o)
    0x080001e8   0x080001e8   0x00000004   Code   RO         7145    .ARM.Collect$$$$00002712  mc_w.l(entry2.o)
    0x080001ec   0x080001ec   0x00000024   Code   RO            4    .text               startup_stm32g474xx.o
    0x08000210   0x08000210   0x00000062   Code   RO         6861    .text               mc_w.l(uldiv.o)
    0x08000272   0x08000272   0x00000024   Code   RO         6863    .text               mc_w.l(memcpya.o)
    0x08000296   0x08000296   0x00000024   Code   RO         6865    .text               mc_w.l(memseta.o)
    0x080002ba   0x080002ba   0x0000014e   Code   RO         7132    .text               mf_w.l(dadd.o)
    0x08000408   0x08000408   0x000000e4   Code   RO         7134    .text               mf_w.l(dmul.o)
    0x080004ec   0x080004ec   0x0000001a   Code   RO         7138    .text               mf_w.l(dfltui.o)
    0x08000506   0x08000506   0x00000026   Code   RO         7142    .text               mf_w.l(f2d.o)
    0x0800052c   0x0800052c   0x0000002c   Code   RO         7161    .text               mc_w.l(uidiv.o)
    0x08000558   0x08000558   0x0000001e   Code   RO         7163    .text               mc_w.l(llshl.o)
    0x08000576   0x08000576   0x00000020   Code   RO         7165    .text               mc_w.l(llushr.o)
    0x08000596   0x08000596   0x00000024   Code   RO         7167    .text               mc_w.l(llsshr.o)
    0x080005ba   0x080005ba   0x00000000   Code   RO         7169    .text               mc_w.l(iusefp.o)
    0x080005ba   0x080005ba   0x000000ba   Code   RO         7170    .text               mf_w.l(depilogue.o)
    0x08000674   0x08000674   0x000000de   Code   RO         7172    .text               mf_w.l(ddiv.o)
    0x08000752   0x08000752   0x00000030   Code   RO         7174    .text               mf_w.l(dfixul.o)
    0x08000782   0x08000782   0x00000002   PAD
    0x08000784   0x08000784   0x00000030   Code   RO         7176    .text               mf_w.l(cdrcmple.o)
    0x080007b4   0x080007b4   0x00000024   Code   RO         7178    .text               mc_w.l(init.o)
    0x080007d8   0x080007d8   0x00000068   Code   RO          836    i.ADC_DMAConvCplt   stm32g4xx_hal_adc.o
    0x08000840   0x08000840   0x0000001a   Code   RO          837    i.ADC_DMAError      stm32g4xx_hal_adc.o
    0x0800085a   0x0800085a   0x0000000a   Code   RO          838    i.ADC_DMAHalfConvCplt  stm32g4xx_hal_adc.o
    0x08000864   0x08000864   0x000000c8   Code   RO          840    i.ADC_Enable        stm32g4xx_hal_adc.o
    0x0800092c   0x0800092c   0x00000002   Code   RO          699    i.BusFault_Handler  stm32g4xx_it.o
    0x0800092e   0x0800092e   0x00000002   PAD
    0x08000930   0x08000930   0x0000008c   Code   RO         6340    i.DAQ_Convert       daq.o
    0x080009bc   0x080009bc   0x00000010   Code   RO         6341    i.DAQ_GetPhys       daq.o
    0x080009cc   0x080009cc   0x00000024   Code   RO         6342    i.DAQ_Init          daq.o
    0x080009f0   0x080009f0   0x00000014   Code   RO          700    i.DMA1_Channel1_IRQHandler  stm32g4xx_it.o
    0x08000a04   0x08000a04   0x0000000c   Code   RO          701    i.DMA1_Channel2_IRQHandler  stm32g4xx_it.o
    0x08000a10   0x08000a10   0x0000000c   Code   RO          702    i.DMA1_Channel3_IRQHandler  stm32g4xx_it.o
    0x08000a1c   0x08000a1c   0x0000000c   Code   RO          703    i.DMA1_Channel4_IRQHandler  stm32g4xx_it.o
    0x08000a28   0x08000a28   0x00000048   Code   RO         2159    i.DMA_CalcDMAMUXChannelBaseAndMask  stm32g4xx_hal_dma.o
    0x08000a70   0x08000a70   0x00000028   Code   RO         2160    i.DMA_CalcDMAMUXRequestGenBaseAndMask  stm32g4xx_hal_dma.o
    0x08000a98   0x08000a98   0x0000003e   Code   RO         2161    i.DMA_SetConfig     stm32g4xx_hal_dma.o
    0x08000ad6   0x08000ad6   0x00000002   Code   RO          704    i.DebugMon_Handler  stm32g4xx_it.o
    0x08000ad8   0x08000ad8   0x00000004   Code   RO           13    i.Error_Handler     main.o
    0x08000adc   0x08000adc   0x00000034   Code   RO         6406    i.FSM_Init          fsm.o
    0x08000b10   0x08000b10   0x0000000c   Code   RO         6407    i.FSM_PostCmd       fsm.o
    0x08000b1c   0x08000b1c   0x00000010   Code   RO         6408    i.FSM_SetFault      fsm.o
    0x08000b2c   0x08000b2c   0x0000007c   Code   RO         6409    i.FSM_Tick1ms       fsm.o
    0x08000ba8   0x08000ba8   0x00000150   Code   RO         1095    i.HAL_ADCEx_MultiModeConfigChannel  stm32g4xx_hal_adc_ex.o
    0x08000cf8   0x08000cf8   0x00000460   Code   RO          842    i.HAL_ADC_ConfigChannel  stm32g4xx_hal_adc.o
    0x08001158   0x08001158   0x00000002   Code   RO          843    i.HAL_ADC_ConvCpltCallback  stm32g4xx_hal_adc.o
    0x0800115a   0x0800115a   0x00000002   Code   RO          844    i.HAL_ADC_ConvHalfCpltCallback  stm32g4xx_hal_adc.o
    0x0800115c   0x0800115c   0x00000002   Code   RO          846    i.HAL_ADC_ErrorCallback  stm32g4xx_hal_adc.o
    0x0800115e   0x0800115e   0x00000002   PAD
    0x08001160   0x08001160   0x00000234   Code   RO          851    i.HAL_ADC_Init      stm32g4xx_hal_adc.o
    0x08001394   0x08001394   0x000002cc   Code   RO          297    i.HAL_ADC_MspInit   adc.o
    0x08001660   0x08001660   0x0000012c   Code   RO          859    i.HAL_ADC_Start_DMA  stm32g4xx_hal_adc.o
    0x0800178c   0x0800178c   0x00000234   Code   RO         2818    i.HAL_COMP_Init     stm32g4xx_hal_comp.o
    0x080019c0   0x080019c0   0x0000004c   Code   RO          358    i.HAL_COMP_MspInit  comp.o
    0x08001a0c   0x08001a0c   0x00000002   Code   RO         3055    i.HAL_DACEx_DMAUnderrunCallbackCh2  stm32g4xx_hal_dac_ex.o
    0x08001a0e   0x08001a0e   0x00000002   PAD
    0x08001a10   0x08001a10   0x000001c8   Code   RO         2909    i.HAL_DAC_ConfigChannel  stm32g4xx_hal_dac.o
    0x08001bd8   0x08001bd8   0x00000002   Code   RO         2912    i.HAL_DAC_DMAUnderrunCallbackCh1  stm32g4xx_hal_dac.o
    0x08001bda   0x08001bda   0x00000068   Code   RO         2918    i.HAL_DAC_IRQHandler  stm32g4xx_hal_dac.o
    0x08001c42   0x08001c42   0x00000028   Code   RO         2919    i.HAL_DAC_Init      stm32g4xx_hal_dac.o
    0x08001c6a   0x08001c6a   0x00000002   PAD
    0x08001c6c   0x08001c6c   0x0000003c   Code   RO          400    i.HAL_DAC_MspInit   dac.o
    0x08001ca8   0x08001ca8   0x00000070   Code   RO         2162    i.HAL_DMA_Abort     stm32g4xx_hal_dma.o
    0x08001d18   0x08001d18   0x00000078   Code   RO         2163    i.HAL_DMA_Abort_IT  stm32g4xx_hal_dma.o
    0x08001d90   0x08001d90   0x000000ba   Code   RO         2167    i.HAL_DMA_IRQHandler  stm32g4xx_hal_dma.o
    0x08001e4a   0x08001e4a   0x00000002   PAD
    0x08001e4c   0x08001e4c   0x000000c4   Code   RO         2168    i.HAL_DMA_Init      stm32g4xx_hal_dma.o
    0x08001f10   0x08001f10   0x0000008c   Code   RO         2172    i.HAL_DMA_Start_IT  stm32g4xx_hal_dma.o
    0x08001f9c   0x08001f9c   0x00000024   Code   RO         1299    i.HAL_Delay         stm32g4xx_hal.o
    0x08001fc0   0x08001fc0   0x000001b8   Code   RO         2024    i.HAL_GPIO_Init     stm32g4xx_hal_gpio.o
    0x08002178   0x08002178   0x0000000a   Code   RO         2026    i.HAL_GPIO_ReadPin  stm32g4xx_hal_gpio.o
    0x08002182   0x08002182   0x00000010   Code   RO         2027    i.HAL_GPIO_TogglePin  stm32g4xx_hal_gpio.o
    0x08002192   0x08002192   0x0000000a   Code   RO         2028    i.HAL_GPIO_WritePin  stm32g4xx_hal_gpio.o
    0x0800219c   0x0800219c   0x0000000c   Code   RO         1303    i.HAL_GetTick       stm32g4xx_hal.o
    0x080021a8   0x080021a8   0x00000062   Code   RO         3213    i.HAL_HRTIM_DLLCalibrationStart  stm32g4xx_hal_hrtim.o
    0x0800220a   0x0800220a   0x00000002   PAD
    0x0800220c   0x0800220c   0x000000c0   Code   RO         3246    i.HAL_HRTIM_Init    stm32g4xx_hal_hrtim.o
    0x080022cc   0x080022cc   0x00000028   Code   RO          466    i.HAL_HRTIM_MspInit  hrtim.o
    0x080022f4   0x080022f4   0x0000007c   Code   RO          467    i.HAL_HRTIM_MspPostInit  hrtim.o
    0x08002370   0x08002370   0x00000042   Code   RO         3255    i.HAL_HRTIM_PollForDLLCalibration  stm32g4xx_hal_hrtim.o
    0x080023b2   0x080023b2   0x0000007a   Code   RO         3297    i.HAL_HRTIM_TimeBaseConfig  stm32g4xx_hal_hrtim.o
    0x0800242c   0x0800242c   0x00000128   Code   RO         3303    i.HAL_HRTIM_WaveformCompareConfig  stm32g4xx_hal_hrtim.o
    0x08002554   0x08002554   0x00000090   Code   RO         3316    i.HAL_HRTIM_WaveformTimerConfig  stm32g4xx_hal_hrtim.o
    0x080025e4   0x080025e4   0x00000056   Code   RO         4514    i.HAL_I2CEx_ConfigAnalogFilter  stm32g4xx_hal_i2c_ex.o
    0x0800263a   0x0800263a   0x00000052   Code   RO         4515    i.HAL_I2CEx_ConfigDigitalFilter  stm32g4xx_hal_i2c_ex.o
    0x0800268c   0x0800268c   0x000000bc   Code   RO         4053    i.HAL_I2C_Init      stm32g4xx_hal_i2c.o
    0x08002748   0x08002748   0x0000014c   Code   RO         4066    i.HAL_I2C_Master_Transmit  stm32g4xx_hal_i2c.o
    0x08002894   0x08002894   0x000000a4   Code   RO          514    i.HAL_I2C_MspInit   i2c.o
    0x08002938   0x08002938   0x00000010   Code   RO         1309    i.HAL_IncTick       stm32g4xx_hal.o
    0x08002948   0x08002948   0x0000001e   Code   RO         1310    i.HAL_Init          stm32g4xx_hal.o
    0x08002966   0x08002966   0x00000002   PAD
    0x08002968   0x08002968   0x00000044   Code   RO         1311    i.HAL_InitTick      stm32g4xx_hal.o
    0x080029ac   0x080029ac   0x00000030   Code   RO          811    i.HAL_MspInit       stm32g4xx_hal_msp.o
    0x080029dc   0x080029dc   0x0000001a   Code   RO         2673    i.HAL_NVIC_EnableIRQ  stm32g4xx_hal_cortex.o
    0x080029f6   0x080029f6   0x00000002   PAD
    0x080029f8   0x080029f8   0x00000040   Code   RO         2679    i.HAL_NVIC_SetPriority  stm32g4xx_hal_cortex.o
    0x08002a38   0x08002a38   0x00000024   Code   RO         2680    i.HAL_NVIC_SetPriorityGrouping  stm32g4xx_hal_cortex.o
    0x08002a5c   0x08002a5c   0x000000bc   Code   RO         2427    i.HAL_PWREx_ControlVoltageScaling  stm32g4xx_hal_pwr_ex.o
    0x08002b18   0x08002b18   0x00000010   Code   RO         2439    i.HAL_PWREx_DisableUCPDDeadBattery  stm32g4xx_hal_pwr_ex.o
    0x08002b28   0x08002b28   0x00000318   Code   RO         1670    i.HAL_RCCEx_PeriphCLKConfig  stm32g4xx_hal_rcc_ex.o
    0x08002e40   0x08002e40   0x000001dc   Code   RO         1545    i.HAL_RCC_ClockConfig  stm32g4xx_hal_rcc.o
    0x0800301c   0x0800301c   0x0000000c   Code   RO         1551    i.HAL_RCC_GetHCLKFreq  stm32g4xx_hal_rcc.o
    0x08003028   0x08003028   0x00000024   Code   RO         1553    i.HAL_RCC_GetPCLK1Freq  stm32g4xx_hal_rcc.o
    0x0800304c   0x0800304c   0x00000024   Code   RO         1554    i.HAL_RCC_GetPCLK2Freq  stm32g4xx_hal_rcc.o
    0x08003070   0x08003070   0x0000006c   Code   RO         1555    i.HAL_RCC_GetSysClockFreq  stm32g4xx_hal_rcc.o
    0x080030dc   0x080030dc   0x000003f4   Code   RO         1558    i.HAL_RCC_OscConfig  stm32g4xx_hal_rcc.o
    0x080034d0   0x080034d0   0x00000028   Code   RO         2684    i.HAL_SYSTICK_Config  stm32g4xx_hal_cortex.o
    0x080034f8   0x080034f8   0x00000002   Code   RO         5284    i.HAL_TIMEx_Break2Callback  stm32g4xx_hal_tim_ex.o
    0x080034fa   0x080034fa   0x00000002   Code   RO         5285    i.HAL_TIMEx_BreakCallback  stm32g4xx_hal_tim_ex.o
    0x080034fc   0x080034fc   0x00000002   Code   RO         5286    i.HAL_TIMEx_CommutCallback  stm32g4xx_hal_tim_ex.o
    0x080034fe   0x080034fe   0x00000002   PAD
    0x08003500   0x08003500   0x000000a8   Code   RO         5289    i.HAL_TIMEx_ConfigBreakDeadTime  stm32g4xx_hal_tim_ex.o
    0x080035a8   0x080035a8   0x00000002   Code   RO         5297    i.HAL_TIMEx_DirectionChangeCallback  stm32g4xx_hal_tim_ex.o
    0x080035aa   0x080035aa   0x00000002   Code   RO         5311    i.HAL_TIMEx_EncoderIndexCallback  stm32g4xx_hal_tim_ex.o
    0x080035ac   0x080035ac   0x00000002   Code   RO         5325    i.HAL_TIMEx_IndexErrorCallback  stm32g4xx_hal_tim_ex.o
    0x080035ae   0x080035ae   0x00000002   PAD
    0x080035b0   0x080035b0   0x000000b8   Code   RO         5326    i.HAL_TIMEx_MasterConfigSynchronization  stm32g4xx_hal_tim_ex.o
    0x08003668   0x08003668   0x000000d0   Code   RO         5338    i.HAL_TIMEx_PWMN_Start  stm32g4xx_hal_tim_ex.o
    0x08003738   0x08003738   0x00000002   Code   RO         5347    i.HAL_TIMEx_TransitionErrorCallback  stm32g4xx_hal_tim_ex.o
    0x0800373a   0x0800373a   0x00000062   Code   RO         4570    i.HAL_TIM_Base_Init  stm32g4xx_hal_tim.o
    0x0800379c   0x0800379c   0x0000003c   Code   RO          556    i.HAL_TIM_Base_MspInit  tim.o
    0x080037d8   0x080037d8   0x0000008c   Code   RO         4575    i.HAL_TIM_Base_Start_IT  stm32g4xx_hal_tim.o
    0x08003864   0x08003864   0x000000a8   Code   RO         4591    i.HAL_TIM_Encoder_Init  stm32g4xx_hal_tim.o
    0x0800390c   0x0800390c   0x00000060   Code   RO          558    i.HAL_TIM_Encoder_MspInit  tim.o
    0x0800396c   0x0800396c   0x00000002   Code   RO         4604    i.HAL_TIM_IC_CaptureCallback  stm32g4xx_hal_tim.o
    0x0800396e   0x0800396e   0x000001a2   Code   RO         4618    i.HAL_TIM_IRQHandler  stm32g4xx_hal_tim.o
    0x08003b10   0x08003b10   0x000000d8   Code   RO          559    i.HAL_TIM_MspPostInit  tim.o
    0x08003be8   0x08003be8   0x0000006e   Code   RO         4619    i.HAL_TIM_OC_ConfigChannel  stm32g4xx_hal_tim.o
    0x08003c56   0x08003c56   0x00000002   Code   RO         4621    i.HAL_TIM_OC_DelayElapsedCallback  stm32g4xx_hal_tim.o
    0x08003c58   0x08003c58   0x00000062   Code   RO         4623    i.HAL_TIM_OC_Init   stm32g4xx_hal_tim.o
    0x08003cba   0x08003cba   0x00000002   PAD
    0x08003cbc   0x08003cbc   0x00000028   Code   RO          561    i.HAL_TIM_OC_MspInit  tim.o
    0x08003ce4   0x08003ce4   0x00000124   Code   RO         4642    i.HAL_TIM_PWM_ConfigChannel  stm32g4xx_hal_tim.o
    0x08003e08   0x08003e08   0x00000062   Code   RO         4645    i.HAL_TIM_PWM_Init  stm32g4xx_hal_tim.o
    0x08003e6a   0x08003e6a   0x00000002   PAD
    0x08003e6c   0x08003e6c   0x00000028   Code   RO          563    i.HAL_TIM_PWM_MspInit  tim.o
    0x08003e94   0x08003e94   0x00000002   Code   RO         4648    i.HAL_TIM_PWM_PulseFinishedCallback  stm32g4xx_hal_tim.o
    0x08003e96   0x08003e96   0x00000002   PAD
    0x08003e98   0x08003e98   0x00000120   Code   RO         4650    i.HAL_TIM_PWM_Start  stm32g4xx_hal_tim.o
    0x08003fb8   0x08003fb8   0x00000014   Code   RO         6807    i.HAL_TIM_PeriodElapsedCallback  sched.o
    0x08003fcc   0x08003fcc   0x00000002   Code   RO         4661    i.HAL_TIM_TriggerCallback  stm32g4xx_hal_tim.o
    0x08003fce   0x08003fce   0x0000003e   Code   RO         6133    i.HAL_UARTEx_DisableFifoMode  stm32g4xx_hal_uart_ex.o
    0x0800400c   0x0800400c   0x00000002   Code   RO         5722    i.HAL_UARTEx_RxEventCallback  stm32g4xx_hal_uart.o
    0x0800400e   0x0800400e   0x00000002   Code   RO         6141    i.HAL_UARTEx_RxFifoFullCallback  stm32g4xx_hal_uart_ex.o
    0x08004010   0x08004010   0x0000004c   Code   RO         6142    i.HAL_UARTEx_SetRxFifoThreshold  stm32g4xx_hal_uart_ex.o
    0x0800405c   0x0800405c   0x0000004c   Code   RO         6143    i.HAL_UARTEx_SetTxFifoThreshold  stm32g4xx_hal_uart_ex.o
    0x080040a8   0x080040a8   0x00000002   Code   RO         6145    i.HAL_UARTEx_TxFifoEmptyCallback  stm32g4xx_hal_uart_ex.o
    0x080040aa   0x080040aa   0x00000002   Code   RO         6146    i.HAL_UARTEx_WakeupCallback  stm32g4xx_hal_uart_ex.o
    0x080040ac   0x080040ac   0x00000002   Code   RO         5738    i.HAL_UART_ErrorCallback  stm32g4xx_hal_uart.o
    0x080040ae   0x080040ae   0x00000002   PAD
    0x080040b0   0x080040b0   0x0000031c   Code   RO         5741    i.HAL_UART_IRQHandler  stm32g4xx_hal_uart.o
    0x080043cc   0x080043cc   0x0000006a   Code   RO         5742    i.HAL_UART_Init     stm32g4xx_hal_uart.o
    0x08004436   0x08004436   0x00000002   PAD
    0x08004438   0x08004438   0x00000088   Code   RO          658    i.HAL_UART_MspInit  usart.o
    0x080044c0   0x080044c0   0x00000002   Code   RO         5754    i.HAL_UART_TxCpltCallback  stm32g4xx_hal_uart.o
    0x080044c2   0x080044c2   0x00000068   Code   RO         3324    i.HRTIM_ForceRegistersUpdate  stm32g4xx_hal_hrtim.o
    0x0800452a   0x0800452a   0x00000090   Code   RO         3329    i.HRTIM_MasterWaveform_Config  stm32g4xx_hal_hrtim.o
    0x080045ba   0x080045ba   0x00000002   PAD
    0x080045bc   0x080045bc   0x00000194   Code   RO         3334    i.HRTIM_TimingUnitWaveform_Config  stm32g4xx_hal_hrtim.o
    0x08004750   0x08004750   0x00000002   Code   RO          705    i.HardFault_Handler  stm32g4xx_it.o
    0x08004752   0x08004752   0x00000022   Code   RO         4100    i.I2C_Flush_TXDR    stm32g4xx_hal_i2c.o
    0x08004774   0x08004774   0x00000108   Code   RO         4108    i.I2C_IsErrorOccurred  stm32g4xx_hal_i2c.o
    0x0800487c   0x0800487c   0x00000030   Code   RO         4117    i.I2C_TransferConfig  stm32g4xx_hal_i2c.o
    0x080048ac   0x080048ac   0x0000007a   Code   RO         4119    i.I2C_WaitOnFlagUntilTimeout  stm32g4xx_hal_i2c.o
    0x08004926   0x08004926   0x00000056   Code   RO         4121    i.I2C_WaitOnSTOPFlagUntilTimeout  stm32g4xx_hal_i2c.o
    0x0800497c   0x0800497c   0x0000005a   Code   RO         4122    i.I2C_WaitOnTXISFlagUntilTimeout  stm32g4xx_hal_i2c.o
    0x080049d6   0x080049d6   0x00000002   PAD
    0x080049d8   0x080049d8   0x0000002c   Code   RO         6472    i.Key_Init          key.o
    0x08004a04   0x08004a04   0x00000050   Code   RO         6473    i.Key_Scan          key.o
    0x08004a54   0x08004a54   0x0000000c   Code   RO          865    i.LL_ADC_GetOffsetChannel  stm32g4xx_hal_adc.o
    0x08004a60   0x08004a60   0x00000008   Code   RO          866    i.LL_ADC_INJ_IsConversionOngoing  stm32g4xx_hal_adc.o
    0x08004a68   0x08004a68   0x00000008   Code   RO          867    i.LL_ADC_IsEnabled  stm32g4xx_hal_adc.o
    0x08004a70   0x08004a70   0x00000008   Code   RO          868    i.LL_ADC_REG_IsConversionOngoing  stm32g4xx_hal_adc.o
    0x08004a78   0x08004a78   0x00000008   Code   RO         1106    i.LL_ADC_REG_IsConversionOngoing  stm32g4xx_hal_adc_ex.o
    0x08004a80   0x08004a80   0x00000010   Code   RO          869    i.LL_ADC_REG_IsTriggerSourceSWStart  stm32g4xx_hal_adc.o
    0x08004a90   0x08004a90   0x0000001e   Code   RO          871    i.LL_ADC_SetChannelSamplingTime  stm32g4xx_hal_adc.o
    0x08004aae   0x08004aae   0x00000010   Code   RO          872    i.LL_ADC_SetOffsetState  stm32g4xx_hal_adc.o
    0x08004abe   0x08004abe   0x00000002   PAD
    0x08004ac0   0x08004ac0   0x000000bc   Code   RO          298    i.MX_ADC1_Init      adc.o
    0x08004b7c   0x08004b7c   0x000000a4   Code   RO          299    i.MX_ADC2_Init      adc.o
    0x08004c20   0x08004c20   0x000000b8   Code   RO          300    i.MX_ADC3_Init      adc.o
    0x08004cd8   0x08004cd8   0x000000a4   Code   RO          301    i.MX_ADC4_Init      adc.o
    0x08004d7c   0x08004d7c   0x00000038   Code   RO          359    i.MX_COMP4_Init     comp.o
    0x08004db4   0x08004db4   0x00000058   Code   RO          401    i.MX_DAC1_Init      dac.o
    0x08004e0c   0x08004e0c   0x0000006c   Code   RO          441    i.MX_DMA_Init       dma.o
    0x08004e78   0x08004e78   0x00000124   Code   RO          272    i.MX_GPIO_Init      gpio.o
    0x08004f9c   0x08004f9c   0x000000e0   Code   RO          468    i.MX_HRTIM1_Init    hrtim.o
    0x0800507c   0x0800507c   0x00000058   Code   RO          515    i.MX_I2C1_Init      i2c.o
    0x080050d4   0x080050d4   0x000000b0   Code   RO          564    i.MX_TIM1_Init      tim.o
    0x08005184   0x08005184   0x00000070   Code   RO          565    i.MX_TIM3_Init      tim.o
    0x080051f4   0x080051f4   0x00000048   Code   RO          566    i.MX_TIM6_Init      tim.o
    0x0800523c   0x0800523c   0x000000ec   Code   RO          567    i.MX_TIM8_Init      tim.o
    0x08005328   0x08005328   0x00000068   Code   RO          659    i.MX_USART2_UART_Init  usart.o
    0x08005390   0x08005390   0x00000002   Code   RO          706    i.MemManage_Handler  stm32g4xx_it.o
    0x08005392   0x08005392   0x00000002   Code   RO          707    i.NMI_Handler       stm32g4xx_it.o
    0x08005394   0x08005394   0x00000018   Code   RO         6541    i.OLED_DisPlay_On   oled.o
    0x080053ac   0x080053ac   0x000000b6   Code   RO         6551    i.OLED_Init         oled.o
    0x08005462   0x08005462   0x00000002   PAD
    0x08005464   0x08005464   0x00000010   Code   RO         6552    i.OLED_NewFrame     oled.o
    0x08005474   0x08005474   0x00000022   Code   RO         6553    i.OLED_PrintASCIIChar  oled.o
    0x08005496   0x08005496   0x0000002e   Code   RO         6554    i.OLED_PrintASCIIString  oled.o
    0x080054c4   0x080054c4   0x00000018   Code   RO         6556    i.OLED_Send         oled.o
    0x080054dc   0x080054dc   0x00000010   Code   RO         6557    i.OLED_SendCmd      oled.o
    0x080054ec   0x080054ec   0x00000048   Code   RO         6558    i.OLED_SetBits      oled.o
    0x08005534   0x08005534   0x00000068   Code   RO         6559    i.OLED_SetBits_Fine  oled.o
    0x0800559c   0x0800559c   0x0000008a   Code   RO         6560    i.OLED_SetBlock     oled.o
    0x08005626   0x08005626   0x00000002   PAD
    0x08005628   0x08005628   0x00000048   Code   RO         6562    i.OLED_SetByte_Fine  oled.o
    0x08005670   0x08005670   0x00000048   Code   RO         6565    i.OLED_ShowFrame    oled.o
    0x080056b8   0x080056b8   0x0000006e   Code   RO         6286    i.PI_Compute        alg.o
    0x08005726   0x08005726   0x00000002   PAD
    0x08005728   0x08005728   0x00000024   Code   RO         6287    i.PI_Init           alg.o
    0x0800574c   0x0800574c   0x0000012c   Code   RO         6288    i.PR_Compute        alg.o
    0x08005878   0x08005878   0x00000048   Code   RO         6289    i.PR_Init           alg.o
    0x080058c0   0x080058c0   0x00000028   Code   RO         6735    i.PWR_ApplyProtMask  pwr.o
    0x080058e8   0x080058e8   0x000000f4   Code   RO         6736    i.PWR_CheckFault    pwr.o
    0x080059dc   0x080059dc   0x00000014   Code   RO         6737    i.PWR_EmergencyStop  pwr.o
    0x080059f0   0x080059f0   0x0000002c   Code   RO         6738    i.PWR_GetProtStatusStr  pwr.o
    0x08005a1c   0x08005a1c   0x00000014   Code   RO         6739    i.PWR_MOE_On        pwr.o
    0x08005a30   0x08005a30   0x00000004   Code   RO         6740    i.PWR_NormalStop    pwr.o
    0x08005a34   0x08005a34   0x00000002   Code   RO         6741    i.PWR_RefreshWatchdog  pwr.o
    0x08005a36   0x08005a36   0x00000002   PAD
    0x08005a38   0x08005a38   0x00000044   Code   RO         6742    i.PWR_SequenceStart  pwr.o
    0x08005a7c   0x08005a7c   0x00000002   Code   RO          708    i.PendSV_Handler    stm32g4xx_it.o
    0x08005a7e   0x08005a7e   0x00000002   PAD
    0x08005a80   0x08005a80   0x00000068   Code   RO         6513    i.RectCtrl_Init     loop.o
    0x08005ae8   0x08005ae8   0x00000006   Code   RO         6514    i.RectCtrl_SetVdcRef  loop.o
    0x08005aee   0x08005aee   0x00000002   PAD
    0x08005af0   0x08005af0   0x000000e8   Code   RO         6515    i.RectCtrl_Step     loop.o
    0x08005bd8   0x08005bd8   0x00000002   Code   RO          709    i.SVC_Handler       stm32g4xx_it.o
    0x08005bda   0x08005bda   0x00000002   PAD
    0x08005bdc   0x08005bdc   0x00000058   Code   RO         6808    i.Sched_ISR_1ms     sched.o
    0x08005c34   0x08005c34   0x00000070   Code   RO         6809    i.Sched_ISR_20kHz   sched.o
    0x08005ca4   0x08005ca4   0x00000028   Code   RO         6810    i.Sched_Init        sched.o
    0x08005ccc   0x08005ccc   0x00000004   Code   RO          710    i.SysTick_Handler   stm32g4xx_it.o
    0x08005cd0   0x08005cd0   0x00000068   Code   RO           14    i.SystemClock_Config  main.o
    0x08005d38   0x08005d38   0x00000010   Code   RO         6252    i.SystemInit        system_stm32g4xx.o
    0x08005d48   0x08005d48   0x0000001c   Code   RO          711    i.TIM6_DAC_IRQHandler  stm32g4xx_it.o
    0x08005d64   0x08005d64   0x000000dc   Code   RO         4663    i.TIM_Base_SetConfig  stm32g4xx_hal_tim.o
    0x08005e40   0x08005e40   0x0000001a   Code   RO         4664    i.TIM_CCxChannelCmd  stm32g4xx_hal_tim.o
    0x08005e5a   0x08005e5a   0x0000001a   Code   RO         5350    i.TIM_CCxNChannelCmd  stm32g4xx_hal_tim_ex.o
    0x08005e74   0x08005e74   0x000000b0   Code   RO         4676    i.TIM_OC1_SetConfig  stm32g4xx_hal_tim.o
    0x08005f24   0x08005f24   0x000000a8   Code   RO         4677    i.TIM_OC2_SetConfig  stm32g4xx_hal_tim.o
    0x08005fcc   0x08005fcc   0x000000a8   Code   RO         4678    i.TIM_OC3_SetConfig  stm32g4xx_hal_tim.o
    0x08006074   0x08006074   0x000000a8   Code   RO         4679    i.TIM_OC4_SetConfig  stm32g4xx_hal_tim.o
    0x0800611c   0x0800611c   0x00000078   Code   RO         4680    i.TIM_OC5_SetConfig  stm32g4xx_hal_tim.o
    0x08006194   0x08006194   0x0000007c   Code   RO         4681    i.TIM_OC6_SetConfig  stm32g4xx_hal_tim.o
    0x08006210   0x08006210   0x00000044   Code   RO         6147    i.UARTEx_SetNbDataToProcess  stm32g4xx_hal_uart_ex.o
    0x08006254   0x08006254   0x000000c8   Code   RO         5756    i.UART_AdvFeatureConfig  stm32g4xx_hal_uart.o
    0x0800631c   0x0800631c   0x000000ac   Code   RO         5757    i.UART_CheckIdleState  stm32g4xx_hal_uart.o
    0x080063c8   0x080063c8   0x0000000a   Code   RO         5758    i.UART_DMAAbortOnError  stm32g4xx_hal_uart.o
    0x080063d2   0x080063d2   0x00000002   PAD
    0x080063d4   0x080063d4   0x00000054   Code   RO         5768    i.UART_EndRxTransfer  stm32g4xx_hal_uart.o
    0x08006428   0x08006428   0x00000298   Code   RO         5774    i.UART_SetConfig    stm32g4xx_hal_uart.o
    0x080066c0   0x080066c0   0x00000092   Code   RO         5781    i.UART_WaitOnFlagUntilTimeout  stm32g4xx_hal_uart.o
    0x08006752   0x08006752   0x00000002   PAD
    0x08006754   0x08006754   0x0000000c   Code   RO          712    i.USART2_IRQHandler  stm32g4xx_it.o
    0x08006760   0x08006760   0x00000002   Code   RO          713    i.UsageFault_Handler  stm32g4xx_it.o
    0x08006762   0x08006762   0x00000002   PAD
    0x08006764   0x08006764   0x00000028   Code   RO         7106    i.__0sprintf        mc_w.l(printfa.o)
    0x0800678c   0x0800678c   0x00000020   Code   RO         2686    i.__NVIC_SetPriority  stm32g4xx_hal_cortex.o
    0x080067ac   0x080067ac   0x0000000e   Code   RO         7184    i.__scatterload_copy  mc_w.l(handlers.o)
    0x080067ba   0x080067ba   0x00000002   Code   RO         7185    i.__scatterload_null  mc_w.l(handlers.o)
    0x080067bc   0x080067bc   0x0000000e   Code   RO         7186    i.__scatterload_zeroinit  mc_w.l(handlers.o)
    0x080067ca   0x080067ca   0x00000002   PAD
    0x080067cc   0x080067cc   0x00000184   Code   RO         7111    i._fp_digits        mc_w.l(printfa.o)
    0x08006950   0x08006950   0x000006dc   Code   RO         7112    i._printf_core      mc_w.l(printfa.o)
    0x0800702c   0x0800702c   0x00000024   Code   RO         7113    i._printf_post_padding  mc_w.l(printfa.o)
    0x08007050   0x08007050   0x0000002e   Code   RO         7114    i._printf_pre_padding  mc_w.l(printfa.o)
    0x0800707e   0x0800707e   0x0000000a   Code   RO         7116    i._sputc            mc_w.l(printfa.o)
    0x08007088   0x08007088   0x0000004c   Code   RO         6811    i.duty_to_ccr       sched.o
    0x080070d4   0x080070d4   0x00000050   Code   RO         6410    i.enter             fsm.o
    0x08007124   0x08007124   0x00000074   Code   RO         6474    i.key_scan_one      key.o
    0x08007198   0x08007198   0x00000238   Code   RO           16    i.main              main.o
    0x080073d0   0x080073d0   0x00000052   Code   RO         6411    i.ramp_tick         fsm.o
    0x08007422   0x08007422   0x00000012   Code   RO         6343    i.raw_to_phys       daq.o
    0x08007434   0x08007434   0x00000018   Data   RO         5782    .constdata          stm32g4xx_hal_uart.o
    0x0800744c   0x0800744c   0x00000010   Data   RO         6148    .constdata          stm32g4xx_hal_uart_ex.o
    0x0800745c   0x0800745c   0x00000010   Data   RO         6253    .constdata          system_stm32g4xx.o
    0x0800746c   0x0800746c   0x00000008   Data   RO         6254    .constdata          system_stm32g4xx.o
    0x08007474   0x08007474   0x00000474   Data   RO         6384    .constdata          font.o
    0x080078e8   0x080078e8   0x00000008   Data   RO         6385    .constdata          font.o
    0x080078f0   0x080078f0   0x00000032   Data   RO           17    .conststring        main.o
    0x08007922   0x08007922   0x00000002   PAD
    0x08007924   0x08007924   0x00000020   Data   RO         7182    Region$$Table       anon$$obj.o


    Execution Region RW_IRAM1 (Exec base: 0x20000000, Load base: 0x08007944, Size: 0x00001040, Max: 0x00020000, ABSOLUTE)

    Exec Addr    Load Addr    Size         Type   Attr      Idx    E Section Name        Object

    0x20000000   0x08007944   0x0000001c   Data   RW           18    .data               main.o
    0x2000001c   0x08007960   0x00000008   Data   RW          303    .data               adc.o
    0x20000024   0x08007968   0x0000000c   Data   RW         1330    .data               stm32g4xx_hal.o
    0x20000030   0x08007974   0x00000004   Data   RW         6255    .data               system_stm32g4xx.o
    0x20000034   0x08007978   0x00000010   Data   RW         6345    .data               daq.o
    0x20000044   0x08007988   0x00000004   Data   RW         6568    .data               oled.o
    0x20000048   0x0800798c   0x0000001c   Data   RW         6743    .data               pwr.o
    0x20000064   0x080079a8   0x00000007   Data   RW         6813    .data               sched.o
    0x2000006b   0x080079af   0x00000001   PAD
    0x2000006c        -       0x00000330   Zero   RW          302    .bss                adc.o
    0x2000039c        -       0x00000024   Zero   RW          360    .bss                comp.o
    0x200003c0        -       0x00000014   Zero   RW          402    .bss                dac.o
    0x200003d4        -       0x000000fc   Zero   RW          469    .bss                hrtim.o
    0x200004d0        -       0x00000054   Zero   RW          516    .bss                i2c.o
    0x20000524        -       0x00000130   Zero   RW          568    .bss                tim.o
    0x20000654        -       0x00000094   Zero   RW          660    .bss                usart.o
    0x200006e8        -       0x00000020   Zero   RW         6344    .bss                daq.o
    0x20000708        -       0x0000001c   Zero   RW         6412    .bss                fsm.o
    0x20000724        -       0x00000018   Zero   RW         6475    .bss                key.o
    0x2000073c        -       0x00000481   Zero   RW         6567    .bss                oled.o
    0x20000bbd   0x080079af   0x00000003   PAD
    0x20000bc0        -       0x00000080   Zero   RW         6812    .bss                sched.o
    0x20000c40        -       0x00000400   Zero   RW            1    STACK               startup_stm32g474xx.o


==============================================================================

Image component sizes


      Code (inc. data)   RO Data    RW Data    ZI Data      Debug   Object Name

      1416        126          0          8        816       4768   adc.o
       518         24          0          0          0       4122   alg.o
       132         20          0          0         36       1612   comp.o
       148         20          0          0         20       1581   dac.o
       210         48          0         16         32       3704   daq.o
       108          4          0          0          0        814   dma.o
         0          0       1148          0          0       1553   font.o
       366         54          0          0         28       4943   fsm.o
       292         22          0          0          0       1071   gpio.o
       388         36          0          0        252       2443   hrtim.o
       252         26          0          0         84       1757   i2c.o
       240         24          0          0         24       2410   key.o
       342         48          0          0          0       2517   loop.o
       676        144         50         28          0    1089080   main.o
       800         28          0          4       1153      11071   oled.o
       442         60          0         28          0       5992   pwr.o
       336         48          0          7        128       4003   sched.o
        36          8        472          0       1024        824   startup_stm32g474xx.o
       162         24          0         12          0       4249   stm32g4xx_hal.o
      2428        180          0          0          0      81393   stm32g4xx_hal_adc.o
       344         24          0          0          0      69195   stm32g4xx_hal_adc_ex.o
       564         36          0          0          0       7032   stm32g4xx_hal_comp.o
       198         14          0          0          0      33739   stm32g4xx_hal_cortex.o
       602         10          0          0          0       4133   stm32g4xx_hal_dac.o
         2          0          0          0          0       1007   stm32g4xx_hal_dac_ex.o
       928         30          0          0          0       6602   stm32g4xx_hal_dma.o
       476         34          0          0          0       3488   stm32g4xx_hal_gpio.o
      1570         30          0          0          0      10668   stm32g4xx_hal_hrtim.o
      1164         24          0          0          0       9449   stm32g4xx_hal_i2c.o
       168          0          0          0          0       1875   stm32g4xx_hal_i2c_ex.o
        48          6          0          0          0        846   stm32g4xx_hal_msp.o
       204         18          0          0          0       1417   stm32g4xx_hal_pwr_ex.o
      1680         94          0          0          0       6944   stm32g4xx_hal_rcc.o
       792         10          0          0          0       2068   stm32g4xx_hal_rcc_ex.o
      2888        290          0          0          0      17736   stm32g4xx_hal_tim.o
       600         80          0          0          0       7987   stm32g4xx_hal_tim_ex.o
      2184         88         24          0          0      29444   stm32g4xx_hal_uart.o
       288          6         16          0          0       5354   stm32g4xx_hal_uart_ex.o
       116         38          0          0          0       6960   stm32g4xx_it.o
        16          4         24          4          0       1091   system_stm32g4xx.o
      1048        102          0          0        304       6300   tim.o
       240         18          0          0        148       1754   usart.o

    ----------------------------------------------------------------------
     25468       1900       1768        108       4052    1464996   Object Totals
         0          0         32          0          0          0   (incl. Generated)
        56          0          2          1          3          0   (incl. Padding)

    ----------------------------------------------------------------------

      Code (inc. data)   RO Data    RW Data    ZI Data      Debug   Library Member Name

         0          0          0          0          0          0   entry.o
         0          0          0          0          0          0   entry10a.o
         0          0          0          0          0          0   entry11a.o
         8          4          0          0          0          0   entry2.o
         4          0          0          0          0          0   entry5.o
         0          0          0          0          0          0   entry7b.o
         0          0          0          0          0          0   entry8b.o
         8          4          0          0          0          0   entry9a.o
        30          0          0          0          0          0   handlers.o
        36          8          0          0          0         68   init.o
         0          0          0          0          0          0   iusefp.o
        30          0          0          0          0         68   llshl.o
        36          0          0          0          0         68   llsshr.o
        32          0          0          0          0         68   llushr.o
        36          0          0          0          0         68   memcpya.o
        36          0          0          0          0        108   memseta.o
      2276         86          0          0          0        520   printfa.o
        44          0          0          0          0         80   uidiv.o
        98          0          0          0          0         92   uldiv.o
        48          0          0          0          0         68   cdrcmple.o
       334          0          0          0          0        148   dadd.o
       222          0          0          0          0        100   ddiv.o
       186          0          0          0          0        176   depilogue.o
        48          0          0          0          0         68   dfixul.o
        26          0          0          0          0         76   dfltui.o
       228          0          0          0          0         96   dmul.o
        38          0          0          0          0         68   f2d.o

    ----------------------------------------------------------------------
      3808        102          0          0          0       1940   Library Totals
         4          0          0          0          0          0   (incl. Padding)

    ----------------------------------------------------------------------

      Code (inc. data)   RO Data    RW Data    ZI Data      Debug   Library Name

      2674        102          0          0          0       1140   mc_w.l
      1130          0          0          0          0        800   mf_w.l

    ----------------------------------------------------------------------
      3808        102          0          0          0       1940   Library Totals

    ----------------------------------------------------------------------

==============================================================================


      Code (inc. data)   RO Data    RW Data    ZI Data      Debug   

     29276       2002       1768        108       4052    1445852   Grand Totals
     29276       2002       1768        108       4052    1445852   ELF Image Totals
     29276       2002       1768        108          0          0   ROM Totals

==============================================================================

    Total RO  Size (Code + RO Data)                31044 (  30.32kB)
    Total RW  Size (RW Data + ZI Data)              4160 (   4.06kB)
    Total ROM Size (Code + RO Data + RW Data)      31152 (  30.42kB)

==============================================================================

